
Training models

Collecting improvements

Collecting contributions

Collecting importances

Aggregating
Warning message:
9 parsing failures.
row col  expected    actual                                                                                                                                                                     file
  1  -- 5 columns 6 columns '/home/data/t070721/codex_workspace/Bladder Metabolism/spatial_ecology_top20_v2/06_mistyr/by_dataset/GSE238145/GSE238145_B18/wang_style_cellcell_intra/coefficients.txt'
  2  -- 5 columns 6 columns '/home/data/t070721/codex_workspace/Bladder Metabolism/spatial_ecology_top20_v2/06_mistyr/by_dataset/GSE238145/GSE238145_B18/wang_style_cellcell_intra/coefficients.txt'
  3  -- 5 columns 6 columns '/home/data/t070721/codex_workspace/Bladder Metabolism/spatial_ecology_top20_v2/06_mistyr/by_dataset/GSE238145/GSE238145_B18/wang_style_cellcell_intra/coefficients.txt'
  4  -- 5 columns 6 columns '/home/data/t070721/codex_workspace/Bladder Metabolism/spatial_ecology_top20_v2/06_mistyr/by_dataset/GSE238145/GSE238145_B18/wang_style_cellcell_intra/coefficients. [... truncated] 
   branch                status
   <char>                <char>
1:      A                  PASS
2:      B SKIPPED_NOT_ESTIMABLE
                                                                 reason     n
                                                                 <char> <int>
1:                                nonconstant major targets 9 excluded   3303
2: NOT_ESTIMABLE_B: insufficient complete cases or zero target variance    89
      section_id   dataset
          <char>    <char>
1: GSE238145_B18 GSE238145
2: GSE238145_B18 GSE238145
