
Training models

Collecting improvements

Collecting contributions

Collecting importances

Aggregating
Warning message:
9 parsing failures.
row col  expected    actual                                                                                                                                                                                          file
  1  -- 5 columns 6 columns '/home/data/t070721/codex_workspace/Bladder Metabolism/spatial_ecology_top20_v2/06_mistyr/by_dataset/Inhousedata__UNVERIFIED/Inhousedata_T4465935/wang_style_cellcell_intra/coefficients.txt'
  2  -- 5 columns 6 columns '/home/data/t070721/codex_workspace/Bladder Metabolism/spatial_ecology_top20_v2/06_mistyr/by_dataset/Inhousedata__UNVERIFIED/Inhousedata_T4465935/wang_style_cellcell_intra/coefficients.txt'
  3  -- 5 columns 6 columns '/home/data/t070721/codex_workspace/Bladder Metabolism/spatial_ecology_top20_v2/06_mistyr/by_dataset/Inhousedata__UNVERIFIED/Inhousedata_T4465935/wang_style_cellcell_intra/coefficients.txt'
  4  -- 5 columns 6 columns '/home/data/t070721/codex_workspace/Bladder Metabolism/spatial_ecology_top20_v2/ [... truncated] 

Training models

Collecting improvements

Collecting contributions

Collecting importances

Aggregating

Training models

Collecting improvements

Collecting contributions

Collecting importances

Aggregating
Warning messages:
1: In ...furrr_fn(...) :
  Negative performance detected and replaced with 0 for target MP10
2: 1 parsing failure.
row col  expected    actual                                                                                                                                                                                        file
  1  -- 5 columns 6 columns '/home/data/t070721/codex_workspace/Bladder Metabolism/spatial_ecology_top20_v2/06_mistyr/by_dataset/Inhousedata__UNVERIFIED/Inhousedata_T4465935/mp10_technical_baseline/coefficients.txt'
 
3: In ...furrr_fn(...) :
  Negative performance detected and replaced with 0 for target MP10
4: 1 parsing failure.
row col  expected    actual                                                                                                                                                                                      file
  1  -- 5 columns 6 columns '/home/data/t070721/codex_workspace/Bladder Metabolism/spatial_ecology_top20_v2/06_mistyr/by_dataset/Inhousedata__UNVERIFIED/Inhousedata_T4465935/mp10_target_extension/coefficients.txt'
 
   branch            status
   <char>            <char>
1:      A              PASS
2:      B PASS_WITH_WARNING
                                                                  reason     n
                                                                  <char> <int>
1:                                 nonconstant major targets 9 excluded   4067
2: NONPOSITIVE_PERFORMANCE_OR_INCREMENT; retained, not technical failure   581
             section_id                 dataset
                 <char>                  <char>
1: Inhousedata_T4465935 Inhousedata__UNVERIFIED
2: Inhousedata_T4465935 Inhousedata__UNVERIFIED
