PREPARED CanDis_2026_Sample1 4823 4486
PREPARED GSE171351_A1 768 488
PREPARED GSE238145_B10 7399 437
PREPARED GSE285715_N1 1417 213
PREPARED GSE319536_BC01 5278 1567
PREPARED Inhousedata_T4384654 4755 110
PREPARED NPJ_sample1 2076 996
PREPARED CanDis_2026_Sample10 2360 2111
PREPARED CanDis_2026_Sample11 577 247
PREPARED CanDis_2026_Sample12 3508 405
PREPARED CanDis_2026_Sample13 4835 3430
PREPARED CanDis_2026_Sample2 10062 4928
PREPARED CanDis_2026_Sample3 4818 4553
PREPARED CanDis_2026_Sample4 3118 2997
PREPARED CanDis_2026_Sample5 3125 2455
PREPARED CanDis_2026_Sample6 1985 1753
PREPARED CanDis_2026_Sample7 2295 1858
PREPARED CanDis_2026_Sample8 11958 10711
PREPARED CanDis_2026_Sample9 2893 2310
PREPARED GSE171351_B1 1017 959
PREPARED GSE171351_C1 1469 1465
PREPARED GSE171351_D1 832 3
PREPARED GSE238145_B11 10309 4887
PREPARED GSE238145_B13 4881 0
PREPARED GSE238145_B14 10435 2138
PREPARED GSE238145_B15 9386 2782
PREPARED GSE238145_B16 12226 4440
PREPARED GSE238145_B17 2399 1494
PREPARED GSE238145_B18 3303 89
PREPARED GSE238145_B5 639 305
PREPARED GSE238145_B9 13287 10550
PREPARED GSE285715_N2 1722 72
PREPARED GSE285715_N3 2489 2024
PREPARED GSE285715_T1 4285 4167
PREPARED GSE285715_T2 3987 3821
PREPARED GSE285715_T3 3341 3317
PREPARED GSE319536_BC02 2035 1744
PREPARED GSE319536_BC04 3484 2365
PREPARED GSE319536_BC05 1550 210
PREPARED GSE319536_BC08 3444 1297
PREPARED GSE319536_BC10 2499 2174
PREPARED GSE319536_BC11 6859 5719
PREPARED GSE319536_BC12 1654 884
PREPARED GSE319536_BC13 7758 1759
PREPARED GSE319536_BC14 5864 1066
PREPARED GSE319536_BC15 2698 167
PREPARED GSE319536_BC16 3326 1718
PREPARED GSE319536_BC17 4072 3508
PREPARED GSE319536_BC18 2847 2656
PREPARED GSE319536_BC19 2090 784
PREPARED GSE319536_BC21 2583 1705
PREPARED Inhousedata_T4398343 4691 1517
PREPARED Inhousedata_T4413900 4969 3842
PREPARED Inhousedata_T4463209 4441 1829
PREPARED Inhousedata_T4465935 4067 581
PREPARED Inhousedata_T4469479 3917 1846
PREPARED Inhousedata_T4471438 4373 2256
PREPARED NPJ_sample2 4506 3217
PREPARED NPJ_sample3 4881 3182
PREPARED NPJ_sample4 2639 1885
PREPARED NPJ_sample5 2815 2186
PREPARED NPJ_sample6 3497 2414
PREPARED NPJ_sample7 3386 2382
