FINISHED GSE319536_BC15 exit 0
FINISHED CanDis_2026_Sample1 exit 0
FINISHED GSE171351_A1 exit 0
FINISHED GSE238145_B10 exit 0
FINISHED GSE285715_N1 exit 0
FINISHED GSE319536_BC01 exit 0
FINISHED Inhousedata_T4384654 exit 0
FINISHED NPJ_sample1 exit 0
FINISHED CanDis_2026_Sample10 exit 0
FINISHED CanDis_2026_Sample11 exit 0
FINISHED CanDis_2026_Sample12 exit 0
FINISHED CanDis_2026_Sample13 exit 0
FINISHED CanDis_2026_Sample2 exit 0
FINISHED CanDis_2026_Sample3 exit 0
FINISHED CanDis_2026_Sample4 exit 0
FINISHED CanDis_2026_Sample5 exit 0
FINISHED CanDis_2026_Sample6 exit 0
FINISHED CanDis_2026_Sample7 exit 0
FINISHED CanDis_2026_Sample8 exit 0
FINISHED CanDis_2026_Sample9 exit 0
FINISHED GSE171351_B1 exit 0
FINISHED GSE171351_C1 exit 0
FINISHED GSE171351_D1 exit 0
FINISHED GSE238145_B11 exit 0
FINISHED GSE238145_B13 exit 0
FINISHED GSE238145_B14 exit 0
FINISHED GSE238145_B15 exit 0
FINISHED GSE238145_B16 exit 0
FINISHED GSE238145_B17 exit 0
FINISHED GSE238145_B18 exit 0
FINISHED GSE238145_B5 exit 0
FINISHED GSE238145_B9 exit 0
FINISHED GSE285715_N2 exit 0
FINISHED GSE285715_N3 exit 0
FINISHED GSE285715_T1 exit 0
FINISHED GSE285715_T2 exit 0
FINISHED GSE285715_T3 exit 0
FINISHED GSE319536_BC02 exit 0
FINISHED GSE319536_BC04 exit 0
FINISHED GSE319536_BC05 exit 0
FINISHED GSE319536_BC08 exit 0
FINISHED GSE319536_BC10 exit 0
FINISHED GSE319536_BC11 exit 0
FINISHED GSE319536_BC12 exit 0
FINISHED GSE319536_BC13 exit 0
FINISHED GSE319536_BC14 exit 0
FINISHED GSE319536_BC16 exit 0
FINISHED GSE319536_BC17 exit 0
FINISHED GSE319536_BC18 exit 0
FINISHED GSE319536_BC19 exit 0
FINISHED GSE319536_BC21 exit 0
FINISHED Inhousedata_T4398343 exit 0
FINISHED Inhousedata_T4413900 exit 0
FINISHED Inhousedata_T4463209 exit 0
FINISHED Inhousedata_T4465935 exit 0
FINISHED Inhousedata_T4469479 exit 0
FINISHED Inhousedata_T4471438 exit 0
FINISHED NPJ_sample2 exit 0
FINISHED NPJ_sample3 exit 0
FINISHED NPJ_sample4 exit 0
FINISHED NPJ_sample5 exit 0
FINISHED NPJ_sample6 exit 0
FINISHED NPJ_sample7 exit 0
ALL_SECTIONS_ATTEMPTED 63
