An object of class “signature”
An object of class “signature”
2026-09-30T22:26:18+0800 START GSE238145 n= 74264 p= 30 evaluation= 5000 
2026-09-30T22:26:20+0800 GRAPH k= 10 
2026-09-30T22:26:54+0800 CANDIDATE k10_r0.1 clusters= 9 silhouette= 0.028154 RSS_GiB= 1.391 
2026-09-30T22:26:57+0800 CANDIDATE k10_r0.2 clusters= 9 silhouette= 0.028756 RSS_GiB= 1.391 
2026-09-30T22:26:58+0800 CANDIDATE k10_r0.3 clusters= 13 silhouette= 0.057089 RSS_GiB= 1.39 
2026-09-30T22:26:59+0800 CANDIDATE k10_r0.4 clusters= 14 silhouette= 0.085865 RSS_GiB= 1.39 
2026-09-30T22:27:13+0800 CANDIDATE k10_r0.5 clusters= 16 silhouette= 0.119468 RSS_GiB= 1.462 
2026-09-30T22:27:17+0800 CANDIDATE k10_r0.7 clusters= 19 silhouette= 0.08222 RSS_GiB= 1.461 
2026-09-30T22:27:20+0800 CANDIDATE k10_r0.8 clusters= 20 silhouette= 0.071684 RSS_GiB= 1.461 
2026-09-30T22:27:23+0800 CANDIDATE k10_r0.6 clusters= 20 silhouette= 0.082802 RSS_GiB= 1.461 
2026-09-30T22:27:34+0800 CANDIDATE k10_r0.9 clusters= 25 silhouette= 0.107499 RSS_GiB= 1.465 
2026-09-30T22:27:41+0800 CANDIDATE k10_r1.2 clusters= 30 silhouette= 0.127335 RSS_GiB= 1.465 
2026-09-30T22:27:42+0800 CANDIDATE k10_r1.1 clusters= 27 silhouette= 0.112744 RSS_GiB= 1.465 
2026-09-30T22:27:45+0800 CANDIDATE k10_r1.0 clusters= 26 silhouette= 0.111078 RSS_GiB= 1.465 
2026-09-30T22:27:58+0800 CANDIDATE k10_r1.3 clusters= 30 silhouette= 0.134616 RSS_GiB= 1.465 
2026-09-30T22:28:01+0800 CANDIDATE k10_r1.5 clusters= 32 silhouette= 0.12176 RSS_GiB= 1.465 
2026-09-30T22:28:04+0800 CANDIDATE k10_r1.4 clusters= 31 silhouette= 0.127375 RSS_GiB= 1.465 
2026-09-30T22:28:05+0800 GRAPH k= 20 
2026-09-30T22:29:16+0800 CANDIDATE k20_r0.2 clusters= 8 silhouette= -0.021416 RSS_GiB= 2.197 
2026-09-30T22:29:18+0800 CANDIDATE k20_r0.3 clusters= 11 silhouette= 0.017285 RSS_GiB= 2.198 
2026-09-30T22:29:20+0800 CANDIDATE k20_r0.4 clusters= 14 silhouette= 0.107564 RSS_GiB= 2.197 
2026-09-30T22:29:26+0800 CANDIDATE k20_r0.1 clusters= 5 silhouette= 0.04904 RSS_GiB= 2.198 
2026-09-30T22:30:07+0800 CANDIDATE k20_r0.8 clusters= 20 silhouette= 0.122318 RSS_GiB= 2.208 
2026-09-30T22:30:11+0800 CANDIDATE k20_r0.6 clusters= 18 silhouette= 0.074127 RSS_GiB= 2.209 
2026-09-30T22:30:14+0800 CANDIDATE k20_r0.7 clusters= 19 silhouette= 0.086516 RSS_GiB= 2.21 
2026-09-30T22:30:17+0800 CANDIDATE k20_r0.5 clusters= 15 silhouette= 0.097531 RSS_GiB= 2.208 
2026-09-30T22:30:47+0800 CANDIDATE k20_r1.2 clusters= 21 silhouette= 0.138765 RSS_GiB= 2.208 
2026-09-30T22:30:52+0800 CANDIDATE k20_r1.1 clusters= 22 silhouette= 0.127394 RSS_GiB= 2.21 
2026-09-30T22:31:00+0800 CANDIDATE k20_r1.0 clusters= 21 silhouette= 0.121139 RSS_GiB= 2.209 
2026-09-30T22:31:07+0800 CANDIDATE k20_r0.9 clusters= 20 silhouette= 0.116487 RSS_GiB= 2.208 
2026-09-30T22:31:47+0800 CANDIDATE k20_r1.3 clusters= 26 silhouette= 0.118605 RSS_GiB= 2.208 
2026-09-30T22:31:52+0800 CANDIDATE k20_r1.5 clusters= 27 silhouette= 0.124116 RSS_GiB= 2.21 
2026-09-30T22:32:13+0800 CANDIDATE k20_r1.4 clusters= 28 silhouette= 0.113523 RSS_GiB= 2.209 
2026-09-30T22:32:14+0800 GRAPH k= 30 
2026-09-30T22:33:45+0800 CANDIDATE k30_r0.3 clusters= 9 silhouette= 0.060546 RSS_GiB= 3.094 
2026-09-30T22:33:57+0800 CANDIDATE k30_r0.4 clusters= 11 silhouette= 0.067973 RSS_GiB= 3.094 
2026-09-30T22:34:01+0800 CANDIDATE k30_r0.2 clusters= 7 silhouette= 0.031138 RSS_GiB= 3.095 
2026-09-30T22:34:29+0800 CANDIDATE k30_r0.1 clusters= 5 silhouette= 0.022388 RSS_GiB= 3.094 
2026-09-30T22:34:53+0800 CANDIDATE k30_r0.7 clusters= 16 silhouette= 0.117116 RSS_GiB= 3.094 
2026-09-30T22:35:08+0800 CANDIDATE k30_r0.6 clusters= 14 silhouette= 0.105702 RSS_GiB= 3.095 
2026-09-30T22:35:14+0800 CANDIDATE k30_r0.8 clusters= 18 silhouette= 0.143294 RSS_GiB= 3.094 
2026-09-30T22:35:33+0800 CANDIDATE k30_r0.5 clusters= 12 silhouette= 0.095835 RSS_GiB= 3.094 
2026-09-30T22:36:19+0800 CANDIDATE k30_r1.1 clusters= 20 silhouette= 0.086194 RSS_GiB= 3.095 
2026-09-30T22:36:29+0800 CANDIDATE k30_r1.0 clusters= 20 silhouette= 0.088582 RSS_GiB= 3.095 
2026-09-30T22:36:33+0800 CANDIDATE k30_r1.2 clusters= 23 silhouette= 0.091161 RSS_GiB= 3.094 
2026-09-30T22:36:46+0800 CANDIDATE k30_r0.9 clusters= 20 silhouette= 0.095541 RSS_GiB= 3.094 
2026-09-30T22:37:51+0800 CANDIDATE k30_r1.4 clusters= 24 silhouette= 0.114596 RSS_GiB= 3.095 
2026-09-30T22:38:01+0800 CANDIDATE k30_r1.5 clusters= 26 silhouette= 0.109148 RSS_GiB= 3.095 
2026-09-30T22:38:24+0800 CANDIDATE k30_r1.3 clusters= 23 silhouette= 0.110158 RSS_GiB= 3.094 
2026-09-30T22:38:25+0800 COMPLETE GSE238145 k30_r0.8 niches= 18 seconds= 727 
