An object of class “signature”
An object of class “signature”
2026-09-30T21:58:37+0800 START GSE285715 n= 17241 p= 30 evaluation= 5000 
2026-09-30T21:58:38+0800 GRAPH k= 10 
2026-09-30T21:58:44+0800 CANDIDATE k10_r0.4 clusters= 9 silhouette= 0.159045 RSS_GiB= 1.022 
2026-09-30T21:58:44+0800 CANDIDATE k10_r0.3 clusters= 8 silhouette= 0.155395 RSS_GiB= 1.022 
2026-09-30T21:58:44+0800 CANDIDATE k10_r0.2 clusters= 8 silhouette= 0.150422 RSS_GiB= 1.022 
2026-09-30T21:58:46+0800 CANDIDATE k10_r0.1 clusters= 6 silhouette= 0.157107 RSS_GiB= 1.022 
2026-09-30T21:58:47+0800 CANDIDATE k10_r0.7 clusters= 11 silhouette= 0.199869 RSS_GiB= 1.094 
2026-09-30T21:58:47+0800 CANDIDATE k10_r0.6 clusters= 12 silhouette= 0.196689 RSS_GiB= 1.093 
2026-09-30T21:58:47+0800 CANDIDATE k10_r0.8 clusters= 14 silhouette= 0.150696 RSS_GiB= 1.094 
2026-09-30T21:58:49+0800 CANDIDATE k10_r1.2 clusters= 19 silhouette= 0.162765 RSS_GiB= 1.19 
2026-09-30T21:58:49+0800 CANDIDATE k10_r1.0 clusters= 15 silhouette= 0.15159 RSS_GiB= 1.19 
2026-09-30T21:58:50+0800 CANDIDATE k10_r1.1 clusters= 17 silhouette= 0.170035 RSS_GiB= 1.19 
2026-09-30T21:58:50+0800 CANDIDATE k10_r0.5 clusters= 9 silhouette= 0.169786 RSS_GiB= 1.094 
2026-09-30T21:58:52+0800 CANDIDATE k10_r1.4 clusters= 19 silhouette= 0.151575 RSS_GiB= 1.218 
2026-09-30T21:58:52+0800 CANDIDATE k10_r1.5 clusters= 20 silhouette= 0.155203 RSS_GiB= 1.204 
2026-09-30T21:58:53+0800 CANDIDATE k10_r0.9 clusters= 15 silhouette= 0.15143 RSS_GiB= 1.19 
2026-09-30T21:58:55+0800 CANDIDATE k10_r1.3 clusters= 19 silhouette= 0.154828 RSS_GiB= 1.219 
2026-09-30T21:58:56+0800 GRAPH k= 20 
2026-09-30T21:59:04+0800 CANDIDATE k20_r0.4 clusters= 7 silhouette= 0.16565 RSS_GiB= 1.123 
2026-09-30T21:59:05+0800 CANDIDATE k20_r0.3 clusters= 8 silhouette= 0.164608 RSS_GiB= 1.123 
2026-09-30T21:59:07+0800 CANDIDATE k20_r0.2 clusters= 8 silhouette= 0.243552 RSS_GiB= 1.123 
2026-09-30T21:59:09+0800 CANDIDATE k20_r0.1 clusters= 4 silhouette= 0.256157 RSS_GiB= 1.123 
2026-09-30T21:59:11+0800 CANDIDATE k20_r0.8 clusters= 10 silhouette= 0.175832 RSS_GiB= 1.184 
2026-09-30T21:59:11+0800 CANDIDATE k20_r0.7 clusters= 9 silhouette= 0.167146 RSS_GiB= 1.184 
2026-09-30T21:59:12+0800 CANDIDATE k20_r0.6 clusters= 9 silhouette= 0.172692 RSS_GiB= 1.184 
2026-09-30T21:59:15+0800 CANDIDATE k20_r0.5 clusters= 8 silhouette= 0.178301 RSS_GiB= 1.184 
2026-09-30T21:59:16+0800 CANDIDATE k20_r1.2 clusters= 15 silhouette= 0.164577 RSS_GiB= 1.278 
2026-09-30T21:59:18+0800 CANDIDATE k20_r1.0 clusters= 12 silhouette= 0.158823 RSS_GiB= 1.278 
2026-09-30T21:59:19+0800 CANDIDATE k20_r1.1 clusters= 13 silhouette= 0.159548 RSS_GiB= 1.277 
2026-09-30T21:59:22+0800 CANDIDATE k20_r0.9 clusters= 11 silhouette= 0.19307 RSS_GiB= 1.278 
2026-09-30T21:59:23+0800 CANDIDATE k20_r1.5 clusters= 17 silhouette= 0.174899 RSS_GiB= 1.282 
2026-09-30T21:59:24+0800 CANDIDATE k20_r1.4 clusters= 17 silhouette= 0.181498 RSS_GiB= 1.278 
2026-09-30T21:59:27+0800 CANDIDATE k20_r1.3 clusters= 16 silhouette= 0.168051 RSS_GiB= 1.282 
2026-09-30T21:59:28+0800 GRAPH k= 30 
2026-09-30T21:59:40+0800 CANDIDATE k30_r0.3 clusters= 7 silhouette= 0.267344 RSS_GiB= 1.258 
2026-09-30T21:59:42+0800 CANDIDATE k30_r0.2 clusters= 6 silhouette= 0.209281 RSS_GiB= 1.258 
2026-09-30T21:59:43+0800 CANDIDATE k30_r0.4 clusters= 7 silhouette= 0.184678 RSS_GiB= 1.26 
2026-09-30T21:59:45+0800 CANDIDATE k30_r0.1 clusters= 3 silhouette= 0.667277 RSS_GiB= 1.26 
2026-09-30T21:59:50+0800 CANDIDATE k30_r0.7 clusters= 9 silhouette= 0.176625 RSS_GiB= 1.258 
2026-09-30T21:59:51+0800 CANDIDATE k30_r0.8 clusters= 11 silhouette= 0.212874 RSS_GiB= 1.26 
2026-09-30T21:59:51+0800 CANDIDATE k30_r0.6 clusters= 9 silhouette= 0.186013 RSS_GiB= 1.258 
2026-09-30T22:00:00+0800 CANDIDATE k30_r0.5 clusters= 8 silhouette= 0.191408 RSS_GiB= 1.26 
2026-09-30T22:00:02+0800 CANDIDATE k30_r1.0 clusters= 10 silhouette= 0.205385 RSS_GiB= 1.258 
2026-09-30T22:00:02+0800 CANDIDATE k30_r1.1 clusters= 11 silhouette= 0.16826 RSS_GiB= 1.258 
2026-09-30T22:00:07+0800 CANDIDATE k30_r1.2 clusters= 13 silhouette= 0.197877 RSS_GiB= 1.26 
2026-09-30T22:00:08+0800 CANDIDATE k30_r1.4 clusters= 14 silhouette= 0.18793 RSS_GiB= 1.332 
2026-09-30T22:00:11+0800 CANDIDATE k30_r1.5 clusters= 15 silhouette= 0.16065 RSS_GiB= 1.332 
2026-09-30T22:00:12+0800 CANDIDATE k30_r0.9 clusters= 10 silhouette= 0.19129 RSS_GiB= 1.26 
2026-09-30T22:00:18+0800 CANDIDATE k30_r1.3 clusters= 13 silhouette= 0.176828 RSS_GiB= 1.332 
2026-09-30T22:00:19+0800 COMPLETE GSE285715 k30_r0.1 niches= 3 seconds= 102.8 
