An object of class “signature”
An object of class “signature”
2026-09-30T22:16:53+0800 START GSE319536 n= 58041 p= 30 evaluation= 5000 
2026-09-30T22:16:54+0800 GRAPH k= 10 
2026-09-30T22:17:19+0800 CANDIDATE k10_r0.4 clusters= 20 silhouette= 0.054502 RSS_GiB= 1.239 
2026-09-30T22:17:23+0800 CANDIDATE k10_r0.3 clusters= 16 silhouette= 0.094224 RSS_GiB= 1.237 
2026-09-30T22:17:27+0800 CANDIDATE k10_r0.1 clusters= 6 silhouette= 0.264722 RSS_GiB= 1.237 
2026-09-30T22:17:28+0800 CANDIDATE k10_r0.2 clusters= 13 silhouette= 0.081206 RSS_GiB= 1.237 
2026-09-30T22:17:33+0800 CANDIDATE k10_r0.8 clusters= 27 silhouette= 0.036954 RSS_GiB= 1.298 
2026-09-30T22:17:39+0800 CANDIDATE k10_r0.7 clusters= 26 silhouette= 0.076595 RSS_GiB= 1.296 
2026-09-30T22:17:45+0800 CANDIDATE k10_r0.5 clusters= 22 silhouette= 0.036217 RSS_GiB= 1.295 
2026-09-30T22:17:46+0800 CANDIDATE k10_r0.6 clusters= 22 silhouette= 0.077782 RSS_GiB= 1.295 
2026-09-30T22:17:48+0800 CANDIDATE k10_r1.2 clusters= 36 silhouette= 0.042406 RSS_GiB= 1.345 
2026-09-30T22:17:53+0800 CANDIDATE k10_r1.1 clusters= 37 silhouette= 0.039212 RSS_GiB= 1.345 
2026-09-30T22:17:58+0800 CANDIDATE k10_r0.9 clusters= 29 silhouette= 0.046904 RSS_GiB= 1.345 
2026-09-30T22:18:01+0800 CANDIDATE k10_r1.0 clusters= 33 silhouette= 0.021521 RSS_GiB= 1.345 
2026-09-30T22:18:09+0800 CANDIDATE k10_r1.5 clusters= 37 silhouette= 0.040326 RSS_GiB= 1.345 
2026-09-30T22:18:13+0800 CANDIDATE k10_r1.3 clusters= 36 silhouette= 0.026346 RSS_GiB= 1.345 
2026-09-30T22:18:15+0800 CANDIDATE k10_r1.4 clusters= 37 silhouette= 0.037284 RSS_GiB= 1.345 
2026-09-30T22:18:16+0800 GRAPH k= 20 
2026-09-30T22:19:03+0800 CANDIDATE k20_r0.3 clusters= 12 silhouette= 0.091526 RSS_GiB= 1.692 
2026-09-30T22:19:04+0800 CANDIDATE k20_r0.4 clusters= 14 silhouette= 0.1289 RSS_GiB= 1.692 
2026-09-30T22:19:11+0800 CANDIDATE k20_r0.2 clusters= 10 silhouette= 0.062459 RSS_GiB= 1.692 
2026-09-30T22:19:28+0800 CANDIDATE k20_r0.1 clusters= 6 silhouette= 0.029223 RSS_GiB= 1.692 
2026-09-30T22:19:32+0800 CANDIDATE k20_r0.8 clusters= 21 silhouette= 0.059003 RSS_GiB= 1.692 
2026-09-30T22:19:37+0800 CANDIDATE k20_r0.7 clusters= 21 silhouette= 0.039223 RSS_GiB= 1.692 
2026-09-30T22:19:50+0800 CANDIDATE k20_r0.6 clusters= 18 silhouette= 0.042716 RSS_GiB= 1.692 
2026-09-30T22:19:59+0800 CANDIDATE k20_r0.5 clusters= 13 silhouette= 0.103844 RSS_GiB= 1.692 
2026-09-30T22:20:14+0800 CANDIDATE k20_r1.2 clusters= 26 silhouette= 0.045539 RSS_GiB= 1.693 
2026-09-30T22:20:19+0800 CANDIDATE k20_r1.1 clusters= 26 silhouette= 0.047536 RSS_GiB= 1.692 
2026-09-30T22:20:24+0800 CANDIDATE k20_r1.0 clusters= 26 silhouette= 0.05538 RSS_GiB= 1.693 
2026-09-30T22:20:29+0800 CANDIDATE k20_r0.9 clusters= 22 silhouette= 0.040365 RSS_GiB= 1.693 
2026-09-30T22:20:51+0800 CANDIDATE k20_r1.5 clusters= 31 silhouette= 0.038647 RSS_GiB= 1.692 
2026-09-30T22:21:00+0800 CANDIDATE k20_r1.4 clusters= 27 silhouette= 0.02782 RSS_GiB= 1.693 
2026-09-30T22:21:03+0800 CANDIDATE k20_r1.3 clusters= 26 silhouette= 0.030618 RSS_GiB= 1.693 
2026-09-30T22:21:04+0800 GRAPH k= 30 
2026-09-30T22:22:12+0800 CANDIDATE k30_r0.2 clusters= 8 silhouette= 0.167723 RSS_GiB= 2.81 
2026-09-30T22:22:19+0800 CANDIDATE k30_r0.1 clusters= 5 silhouette= 0.247544 RSS_GiB= 2.81 
2026-09-30T22:22:42+0800 CANDIDATE k30_r0.3 clusters= 10 silhouette= 0.143201 RSS_GiB= 2.808 
2026-09-30T22:22:54+0800 CANDIDATE k30_r0.4 clusters= 11 silhouette= 0.123131 RSS_GiB= 2.81 
2026-09-30T22:23:15+0800 CANDIDATE k30_r0.6 clusters= 12 silhouette= 0.091507 RSS_GiB= 2.81 
2026-09-30T22:23:45+0800 CANDIDATE k30_r0.5 clusters= 13 silhouette= 0.143219 RSS_GiB= 2.81 
2026-09-30T22:23:51+0800 CANDIDATE k30_r0.7 clusters= 14 silhouette= 0.055422 RSS_GiB= 2.808 
2026-09-30T22:24:10+0800 CANDIDATE k30_r0.8 clusters= 18 silhouette= 0.08309 RSS_GiB= 2.81 
2026-09-30T22:24:19+0800 CANDIDATE k30_r1.0 clusters= 21 silhouette= 0.06571 RSS_GiB= 2.81 
2026-09-30T22:24:41+0800 CANDIDATE k30_r0.9 clusters= 19 silhouette= 0.063876 RSS_GiB= 2.81 
2026-09-30T22:24:44+0800 CANDIDATE k30_r1.1 clusters= 22 silhouette= 0.044897 RSS_GiB= 2.808 
2026-09-30T22:25:13+0800 CANDIDATE k30_r1.2 clusters= 21 silhouette= 0.071224 RSS_GiB= 2.81 
2026-09-30T22:25:28+0800 CANDIDATE k30_r1.5 clusters= 24 silhouette= 0.078067 RSS_GiB= 2.82 
2026-09-30T22:25:32+0800 CANDIDATE k30_r1.3 clusters= 23 silhouette= 0.056355 RSS_GiB= 2.82 
2026-09-30T22:25:35+0800 CANDIDATE k30_r1.4 clusters= 24 silhouette= 0.085145 RSS_GiB= 2.821 
2026-09-30T22:25:36+0800 COMPLETE GSE319536 k10_r0.1 niches= 6 seconds= 523.4 
