FIGURE GSE319536 niche_subtype_composition 
FIGURE GSE319536 niche_major_composition 
FIGURE GSE319536 silhouette_parameter_grid 
FIGURE GSE319536 niche_section_coverage 
FIGURE GSE319536 GSE319536_BC01__niche_labels 
FIGURE GSE319536 GSE319536_BC02__niche_labels 
FIGURE GSE319536 GSE319536_BC04__niche_labels 
FIGURE GSE319536 GSE319536_BC05__niche_labels 
FIGURE GSE319536 GSE319536_BC08__niche_labels 
FIGURE GSE319536 GSE319536_BC10__niche_labels 
FIGURE GSE319536 GSE319536_BC11__niche_labels 
FIGURE GSE319536 GSE319536_BC12__niche_labels 
FIGURE GSE319536 GSE319536_BC13__niche_labels 
FIGURE GSE319536 GSE319536_BC14__niche_labels 
FIGURE GSE319536 GSE319536_BC15__niche_labels 
FIGURE GSE319536 GSE319536_BC16__niche_labels 
FIGURE GSE319536 GSE319536_BC17__niche_labels 
FIGURE GSE319536 GSE319536_BC18__niche_labels 
FIGURE GSE319536 GSE319536_BC19__niche_labels 
FIGURE GSE319536 GSE319536_BC21__niche_labels 
