2026-10-10T14:23:45.048473 PSEUDOSPOTS DEV CNP0000460|CNP0000460_P05N 780
2026-10-10T14:23:52.935549 PSEUDOSPOTS DEV CNP0000460|CNP0000460_P05T 1860
2026-10-10T14:23:58.132745 PSEUDOSPOTS DEV HRA003620|HRA003620_BC-01 2520
2026-10-10T14:24:06.987403 PSEUDOSPOTS DEV HRA003620|HRA003620_BC-04 3600
2026-10-10T14:24:07.854545 PSEUDOSPOTS DEV HRA003620|HRA003620_BC-11 3720
2026-10-10T14:24:12.563984 PSEUDOSPOTS DEV HRA003620|HRA003620_BC-30 4320
2026-10-10T14:24:14.251856 PSEUDOSPOTS DEV HRA003620|HRA003620_NC-01 4530
2026-10-10T14:24:18.843417 PSEUDOSPOTS DEV HRA003620|HRA003620_NC-04 5100
2026-10-10T14:24:22.886329 PSEUDOSPOTS DEV HRA003620|HRA003620_NC-11 5640
2026-10-10T14:24:22.895484 PSEUDOSPOTS DEV HRA003620|HRA003620_NC-30 5640
2026-10-10T14:24:29.849101 PSEUDOSPOTS DEV InhouseData|T4380845 6510
2026-10-10T14:24:33.230545 PSEUDOSPOTS DEV InhouseData|T4469479 6990
2026-10-10T14:24:38.785101 PSEUDOSPOTS DEV PRJNA662018|PRJNA662018_PRJNA662018_P2T2 7680
2026-10-10T14:24:47.115232 PSEUDOSPOTS DEV PRJNA662018|PRJNA662018_PRJNA662018_P6N2 8700
2026-10-10T14:24:50.226546 PSEUDOSPOTS DEV PRJNA662018|PRJNA662018_PRJNA662018_P6T6 9120
2026-10-10T14:24:55.595234 PSEUDOSPOTS_READY DEV (9120, 11230)
2026-10-10T14:25:04.452937 PSEUDOSPOTS TEST CNP0000460|CNP0000460_P01N 810
2026-10-10T14:25:12.451076 PSEUDOSPOTS TEST CNP0000460|CNP0000460_P01T 1890
2026-10-10T14:25:14.796203 PSEUDOSPOTS TEST CNP0000460|CNP0000460_P03N 2220
2026-10-10T14:25:17.854831 PSEUDOSPOTS TEST CNP0000460|CNP0000460_P03T 2640
2026-10-10T14:25:25.597451 PSEUDOSPOTS TEST CNP0000460|CNP0000460_P04T 3720
2026-10-10T14:25:28.594623 PSEUDOSPOTS TEST GSE326225|GSE326225_BC2 4110
2026-10-10T14:25:29.405097 PSEUDOSPOTS TEST GSE326225|GSE326225_BC5 4230
2026-10-10T14:25:37.237423 PSEUDOSPOTS TEST HRA003620|HRA003620_BC-24 5250
2026-10-10T14:25:45.889556 PSEUDOSPOTS TEST HRA003620|HRA003620_NC-24 6330
2026-10-10T14:25:52.989808 PSEUDOSPOTS TEST InhouseData|T4091568 7260
2026-10-10T14:25:56.488119 PSEUDOSPOTS TEST InhouseData|T4463209a 7710
2026-10-10T14:26:01.590747 PSEUDOSPOTS TEST InhouseData|T4463209b 8400
2026-10-10T14:26:06.579971 PSEUDOSPOTS_READY TEST (8400, 11230)
