An object of class “signature”
An object of class “signature”
2026-09-30T22:03:47+0800 START Inhousedata__UNVERIFIED n= 31213 p= 30 evaluation= 5000 
2026-09-30T22:03:48+0800 GRAPH k= 10 
2026-09-30T22:03:58+0800 CANDIDATE k10_r0.2 clusters= 9 silhouette= 0.135021 RSS_GiB= 1.067 
2026-09-30T22:04:00+0800 CANDIDATE k10_r0.3 clusters= 11 silhouette= 0.127568 RSS_GiB= 1.067 
2026-09-30T22:04:01+0800 CANDIDATE k10_r0.4 clusters= 11 silhouette= 0.127122 RSS_GiB= 1.067 
2026-09-30T22:04:01+0800 CANDIDATE k10_r0.1 clusters= 6 silhouette= 0.067212 RSS_GiB= 1.067 
2026-09-30T22:04:05+0800 CANDIDATE k10_r0.6 clusters= 17 silhouette= 0.127543 RSS_GiB= 1.158 
2026-09-30T22:04:05+0800 CANDIDATE k10_r0.7 clusters= 20 silhouette= 0.087135 RSS_GiB= 1.158 
2026-09-30T22:04:07+0800 CANDIDATE k10_r0.8 clusters= 21 silhouette= 0.056165 RSS_GiB= 1.158 
2026-09-30T22:04:09+0800 CANDIDATE k10_r0.5 clusters= 14 silhouette= 0.080188 RSS_GiB= 1.158 
2026-09-30T22:04:10+0800 CANDIDATE k10_r1.0 clusters= 23 silhouette= 0.103477 RSS_GiB= 1.25 
2026-09-30T22:04:10+0800 CANDIDATE k10_r1.1 clusters= 25 silhouette= 0.095598 RSS_GiB= 1.254 
2026-09-30T22:04:13+0800 CANDIDATE k10_r1.2 clusters= 25 silhouette= 0.085294 RSS_GiB= 1.249 
2026-09-30T22:04:13+0800 CANDIDATE k10_r0.9 clusters= 24 silhouette= 0.097882 RSS_GiB= 1.249 
2026-09-30T22:04:14+0800 CANDIDATE k10_r1.4 clusters= 30 silhouette= 0.091981 RSS_GiB= 1.254 
2026-09-30T22:04:15+0800 CANDIDATE k10_r1.5 clusters= 32 silhouette= 0.114595 RSS_GiB= 1.32 
2026-09-30T22:04:18+0800 CANDIDATE k10_r1.3 clusters= 28 silhouette= 0.104277 RSS_GiB= 1.254 
2026-09-30T22:04:19+0800 GRAPH k= 20 
2026-09-30T22:04:34+0800 CANDIDATE k20_r0.4 clusters= 8 silhouette= 0.145674 RSS_GiB= 1.275 
2026-09-30T22:04:36+0800 CANDIDATE k20_r0.1 clusters= 4 silhouette= 0.160276 RSS_GiB= 1.275 
2026-09-30T22:04:37+0800 CANDIDATE k20_r0.2 clusters= 6 silhouette= 0.20715 RSS_GiB= 1.275 
2026-09-30T22:04:43+0800 CANDIDATE k20_r0.3 clusters= 8 silhouette= 0.077038 RSS_GiB= 1.275 
2026-09-30T22:04:45+0800 CANDIDATE k20_r0.8 clusters= 15 silhouette= 0.133836 RSS_GiB= 1.272 
2026-09-30T22:04:47+0800 CANDIDATE k20_r0.6 clusters= 11 silhouette= 0.114603 RSS_GiB= 1.272 
2026-09-30T22:04:48+0800 CANDIDATE k20_r0.5 clusters= 11 silhouette= 0.098764 RSS_GiB= 1.272 
2026-09-30T22:04:54+0800 CANDIDATE k20_r0.7 clusters= 13 silhouette= 0.10045 RSS_GiB= 1.272 
2026-09-30T22:04:56+0800 CANDIDATE k20_r1.2 clusters= 21 silhouette= 0.107406 RSS_GiB= 1.272 
2026-09-30T22:04:58+0800 CANDIDATE k20_r1.0 clusters= 19 silhouette= 0.11599 RSS_GiB= 1.272 
2026-09-30T22:05:01+0800 CANDIDATE k20_r0.9 clusters= 16 silhouette= 0.151221 RSS_GiB= 1.272 
2026-09-30T22:05:06+0800 CANDIDATE k20_r1.1 clusters= 20 silhouette= 0.11096 RSS_GiB= 1.272 
2026-09-30T22:05:06+0800 CANDIDATE k20_r1.4 clusters= 24 silhouette= 0.115244 RSS_GiB= 1.272 
2026-09-30T22:05:11+0800 CANDIDATE k20_r1.3 clusters= 22 silhouette= 0.123023 RSS_GiB= 1.272 
2026-09-30T22:05:14+0800 CANDIDATE k20_r1.5 clusters= 23 silhouette= 0.104419 RSS_GiB= 1.272 
2026-09-30T22:05:14+0800 GRAPH k= 30 
2026-09-30T22:05:39+0800 CANDIDATE k30_r0.3 clusters= 7 silhouette= 0.113096 RSS_GiB= 1.566 
2026-09-30T22:05:39+0800 CANDIDATE k30_r0.4 clusters= 9 silhouette= 0.156705 RSS_GiB= 1.566 
2026-09-30T22:05:41+0800 CANDIDATE k30_r0.2 clusters= 5 silhouette= 0.244849 RSS_GiB= 1.566 
2026-09-30T22:05:41+0800 CANDIDATE k30_r0.1 clusters= 4 silhouette= 0.184222 RSS_GiB= 1.566 
2026-09-30T22:05:59+0800 CANDIDATE k30_r0.6 clusters= 10 silhouette= 0.135158 RSS_GiB= 1.593 
2026-09-30T22:06:00+0800 CANDIDATE k30_r0.5 clusters= 9 silhouette= 0.171267 RSS_GiB= 1.593 
2026-09-30T22:06:00+0800 CANDIDATE k30_r0.7 clusters= 12 silhouette= 0.15596 RSS_GiB= 1.592 
2026-09-30T22:06:10+0800 CANDIDATE k30_r0.8 clusters= 13 silhouette= 0.125209 RSS_GiB= 1.593 
2026-09-30T22:06:17+0800 CANDIDATE k30_r1.1 clusters= 18 silhouette= 0.137091 RSS_GiB= 1.592 
2026-09-30T22:06:22+0800 CANDIDATE k30_r1.0 clusters= 17 silhouette= 0.130376 RSS_GiB= 1.593 
2026-09-30T22:06:22+0800 CANDIDATE k30_r0.9 clusters= 16 silhouette= 0.119689 RSS_GiB= 1.593 
2026-09-30T22:06:28+0800 CANDIDATE k30_r1.2 clusters= 18 silhouette= 0.105162 RSS_GiB= 1.593 
2026-09-30T22:06:35+0800 CANDIDATE k30_r1.5 clusters= 20 silhouette= 0.151683 RSS_GiB= 1.684 
2026-09-30T22:06:45+0800 CANDIDATE k30_r1.4 clusters= 18 silhouette= 0.159207 RSS_GiB= 1.687 
2026-09-30T22:06:48+0800 CANDIDATE k30_r1.3 clusters= 19 silhouette= 0.133494 RSS_GiB= 1.682 
2026-09-30T22:06:49+0800 COMPLETE Inhousedata__UNVERIFIED k30_r0.2 niches= 5 seconds= 182.2 
