An object of class “signature”
An object of class “signature”
2026-09-30T22:07:20+0800 START CanDis__UNVERIFIED n= 56357 p= 30 evaluation= 5000 
2026-09-30T22:07:21+0800 GRAPH k= 10 
2026-09-30T22:07:48+0800 CANDIDATE k10_r0.1 clusters= 6 silhouette= 0.222436 RSS_GiB= 1.263 
2026-09-30T22:07:49+0800 CANDIDATE k10_r0.3 clusters= 11 silhouette= 0.138234 RSS_GiB= 1.263 
2026-09-30T22:07:50+0800 CANDIDATE k10_r0.4 clusters= 14 silhouette= 0.126429 RSS_GiB= 1.261 
2026-09-30T22:07:51+0800 CANDIDATE k10_r0.2 clusters= 8 silhouette= 0.209898 RSS_GiB= 1.261 
2026-09-30T22:08:08+0800 CANDIDATE k10_r0.8 clusters= 19 silhouette= 0.12286 RSS_GiB= 1.352 
2026-09-30T22:08:10+0800 CANDIDATE k10_r0.7 clusters= 20 silhouette= 0.13115 RSS_GiB= 1.352 
2026-09-30T22:08:14+0800 CANDIDATE k10_r0.5 clusters= 17 silhouette= 0.141417 RSS_GiB= 1.352 
2026-09-30T22:08:15+0800 CANDIDATE k10_r0.6 clusters= 18 silhouette= 0.142205 RSS_GiB= 1.35 
2026-09-30T22:08:26+0800 CANDIDATE k10_r1.2 clusters= 26 silhouette= 0.090783 RSS_GiB= 1.352 
2026-09-30T22:08:30+0800 CANDIDATE k10_r0.9 clusters= 20 silhouette= 0.116432 RSS_GiB= 1.352 
2026-09-30T22:08:31+0800 CANDIDATE k10_r1.1 clusters= 25 silhouette= 0.123777 RSS_GiB= 1.352 
2026-09-30T22:08:33+0800 CANDIDATE k10_r1.0 clusters= 24 silhouette= 0.118861 RSS_GiB= 1.35 
2026-09-30T22:08:47+0800 CANDIDATE k10_r1.5 clusters= 30 silhouette= 0.073881 RSS_GiB= 1.381 
2026-09-30T22:08:47+0800 CANDIDATE k10_r1.4 clusters= 26 silhouette= 0.109309 RSS_GiB= 1.379 
2026-09-30T22:08:50+0800 CANDIDATE k10_r1.3 clusters= 28 silhouette= 0.113769 RSS_GiB= 1.381 
2026-09-30T22:08:50+0800 GRAPH k= 20 
2026-09-30T22:09:36+0800 CANDIDATE k20_r0.3 clusters= 7 silhouette= 0.250543 RSS_GiB= 1.955 
2026-09-30T22:09:37+0800 CANDIDATE k20_r0.4 clusters= 11 silhouette= 0.191139 RSS_GiB= 1.955 
2026-09-30T22:09:49+0800 CANDIDATE k20_r0.1 clusters= 5 silhouette= 0.134627 RSS_GiB= 1.955 
2026-09-30T22:09:52+0800 CANDIDATE k20_r0.2 clusters= 7 silhouette= 0.247669 RSS_GiB= 1.955 
2026-09-30T22:10:03+0800 CANDIDATE k20_r0.8 clusters= 18 silhouette= 0.158262 RSS_GiB= 1.997 
2026-09-30T22:10:17+0800 CANDIDATE k20_r0.7 clusters= 14 silhouette= 0.138411 RSS_GiB= 1.996 
2026-09-30T22:10:22+0800 CANDIDATE k20_r0.5 clusters= 11 silhouette= 0.209624 RSS_GiB= 1.997 
2026-09-30T22:10:27+0800 CANDIDATE k20_r1.2 clusters= 22 silhouette= 0.150868 RSS_GiB= 1.997 
2026-09-30T22:10:28+0800 CANDIDATE k20_r0.6 clusters= 14 silhouette= 0.140128 RSS_GiB= 1.996 
2026-09-30T22:10:43+0800 CANDIDATE k20_r1.1 clusters= 22 silhouette= 0.141452 RSS_GiB= 1.996 
2026-09-30T22:10:48+0800 CANDIDATE k20_r0.9 clusters= 18 silhouette= 0.150792 RSS_GiB= 1.997 
2026-09-30T22:11:09+0800 CANDIDATE k20_r1.0 clusters= 19 silhouette= 0.127246 RSS_GiB= 1.996 
2026-09-30T22:11:20+0800 CANDIDATE k20_r1.5 clusters= 25 silhouette= 0.132849 RSS_GiB= 1.996 
2026-09-30T22:11:24+0800 CANDIDATE k20_r1.3 clusters= 22 silhouette= 0.112558 RSS_GiB= 1.997 
2026-09-30T22:11:41+0800 CANDIDATE k20_r1.4 clusters= 23 silhouette= 0.138523 RSS_GiB= 1.996 
2026-09-30T22:11:43+0800 GRAPH k= 30 
2026-09-30T22:12:56+0800 CANDIDATE k30_r0.2 clusters= 6 silhouette= 0.217661 RSS_GiB= 2.698 
2026-09-30T22:12:58+0800 CANDIDATE k30_r0.1 clusters= 5 silhouette= 0.122942 RSS_GiB= 2.698 
2026-09-30T22:12:59+0800 CANDIDATE k30_r0.4 clusters= 9 silhouette= 0.22058 RSS_GiB= 2.698 
2026-09-30T22:13:02+0800 CANDIDATE k30_r0.3 clusters= 9 silhouette= 0.242734 RSS_GiB= 2.699 
2026-09-30T22:13:42+0800 CANDIDATE k30_r0.8 clusters= 15 silhouette= 0.150955 RSS_GiB= 2.698 
2026-09-30T22:13:48+0800 CANDIDATE k30_r0.7 clusters= 14 silhouette= 0.144113 RSS_GiB= 2.699 
2026-09-30T22:14:06+0800 CANDIDATE k30_r0.5 clusters= 11 silhouette= 0.149528 RSS_GiB= 2.698 
2026-09-30T22:14:10+0800 CANDIDATE k30_r0.6 clusters= 11 silhouette= 0.210109 RSS_GiB= 2.698 
2026-09-30T22:14:34+0800 CANDIDATE k30_r1.1 clusters= 18 silhouette= 0.15445 RSS_GiB= 2.767 
2026-09-30T22:14:36+0800 CANDIDATE k30_r1.2 clusters= 19 silhouette= 0.157233 RSS_GiB= 2.768 
2026-09-30T22:15:02+0800 CANDIDATE k30_r0.9 clusters= 15 silhouette= 0.154781 RSS_GiB= 2.767 
2026-09-30T22:15:13+0800 CANDIDATE k30_r1.0 clusters= 17 silhouette= 0.141725 RSS_GiB= 2.765 
2026-09-30T22:15:31+0800 CANDIDATE k30_r1.5 clusters= 22 silhouette= 0.129701 RSS_GiB= 2.767 
2026-09-30T22:15:54+0800 CANDIDATE k30_r1.3 clusters= 20 silhouette= 0.151142 RSS_GiB= 2.767 
2026-09-30T22:16:11+0800 CANDIDATE k30_r1.4 clusters= 20 silhouette= 0.141143 RSS_GiB= 2.765 
2026-09-30T22:16:13+0800 COMPLETE CanDis__UNVERIFIED k20_r0.3 niches= 7 seconds= 532.7 
