An object of class “signature”
An object of class “signature”
2026-09-30T22:00:57+0800 START NPJ__UNVERIFIED n= 23800 p= 30 evaluation= 5000 
2026-09-30T22:00:58+0800 GRAPH k= 10 
2026-09-30T22:01:06+0800 CANDIDATE k10_r0.4 clusters= 12 silhouette= 0.117993 RSS_GiB= 1.048 
2026-09-30T22:01:06+0800 CANDIDATE k10_r0.3 clusters= 10 silhouette= 0.104403 RSS_GiB= 1.048 
2026-09-30T22:01:07+0800 CANDIDATE k10_r0.2 clusters= 7 silhouette= 0.149272 RSS_GiB= 1.048 
2026-09-30T22:01:09+0800 CANDIDATE k10_r0.1 clusters= 4 silhouette= 0.040876 RSS_GiB= 1.048 
2026-09-30T22:01:10+0800 CANDIDATE k10_r0.7 clusters= 15 silhouette= 0.167971 RSS_GiB= 1.113 
2026-09-30T22:01:10+0800 CANDIDATE k10_r0.8 clusters= 16 silhouette= 0.185534 RSS_GiB= 1.113 
2026-09-30T22:01:10+0800 CANDIDATE k10_r0.6 clusters= 14 silhouette= 0.157462 RSS_GiB= 1.112 
2026-09-30T22:01:13+0800 CANDIDATE k10_r0.5 clusters= 13 silhouette= 0.100391 RSS_GiB= 1.113 
2026-09-30T22:01:13+0800 CANDIDATE k10_r1.1 clusters= 20 silhouette= 0.137385 RSS_GiB= 1.21 
2026-09-30T22:01:14+0800 CANDIDATE k10_r1.0 clusters= 20 silhouette= 0.162462 RSS_GiB= 1.21 
2026-09-30T22:01:14+0800 CANDIDATE k10_r1.2 clusters= 20 silhouette= 0.149839 RSS_GiB= 1.21 
2026-09-30T22:01:16+0800 CANDIDATE k10_r0.9 clusters= 17 silhouette= 0.166023 RSS_GiB= 1.21 
2026-09-30T22:01:17+0800 CANDIDATE k10_r1.4 clusters= 24 silhouette= 0.132243 RSS_GiB= 1.254 
2026-09-30T22:01:18+0800 CANDIDATE k10_r1.5 clusters= 26 silhouette= 0.12669 RSS_GiB= 1.255 
2026-09-30T22:01:19+0800 CANDIDATE k10_r1.3 clusters= 23 silhouette= 0.119259 RSS_GiB= 1.255 
2026-09-30T22:01:20+0800 GRAPH k= 20 
2026-09-30T22:01:34+0800 CANDIDATE k20_r0.4 clusters= 9 silhouette= 0.091423 RSS_GiB= 1.206 
2026-09-30T22:01:36+0800 CANDIDATE k20_r0.2 clusters= 5 silhouette= 0.203048 RSS_GiB= 1.206 
2026-09-30T22:01:36+0800 CANDIDATE k20_r0.1 clusters= 4 silhouette= 0.144002 RSS_GiB= 1.206 
2026-09-30T22:01:41+0800 CANDIDATE k20_r0.3 clusters= 6 silhouette= 0.202072 RSS_GiB= 1.206 
2026-09-30T22:01:42+0800 CANDIDATE k20_r0.8 clusters= 15 silhouette= 0.164967 RSS_GiB= 1.237 
2026-09-30T22:01:48+0800 CANDIDATE k20_r0.5 clusters= 9 silhouette= 0.086925 RSS_GiB= 1.237 
2026-09-30T22:01:48+0800 CANDIDATE k20_r0.6 clusters= 12 silhouette= 0.152895 RSS_GiB= 1.237 
2026-09-30T22:01:49+0800 CANDIDATE k20_r0.7 clusters= 15 silhouette= 0.180419 RSS_GiB= 1.237 
2026-09-30T22:01:51+0800 CANDIDATE k20_r1.2 clusters= 17 silhouette= 0.104511 RSS_GiB= 1.237 
2026-09-30T22:01:59+0800 CANDIDATE k20_r1.0 clusters= 16 silhouette= 0.127013 RSS_GiB= 1.237 
2026-09-30T22:02:00+0800 CANDIDATE k20_r0.9 clusters= 15 silhouette= 0.14661 RSS_GiB= 1.237 
2026-09-30T22:02:00+0800 CANDIDATE k20_r1.1 clusters= 17 silhouette= 0.12298 RSS_GiB= 1.237 
2026-09-30T22:02:07+0800 CANDIDATE k20_r1.4 clusters= 19 silhouette= 0.127826 RSS_GiB= 1.237 
2026-09-30T22:02:09+0800 CANDIDATE k20_r1.3 clusters= 19 silhouette= 0.122391 RSS_GiB= 1.237 
2026-09-30T22:02:13+0800 CANDIDATE k20_r1.5 clusters= 19 silhouette= 0.153121 RSS_GiB= 1.237 
2026-09-30T22:02:14+0800 GRAPH k= 30 
2026-09-30T22:02:31+0800 CANDIDATE k30_r0.1 clusters= 4 silhouette= 0.221996 RSS_GiB= 1.359 
2026-09-30T22:02:32+0800 CANDIDATE k30_r0.2 clusters= 5 silhouette= 0.213618 RSS_GiB= 1.359 
2026-09-30T22:02:32+0800 CANDIDATE k30_r0.3 clusters= 6 silhouette= 0.205822 RSS_GiB= 1.359 
2026-09-30T22:02:34+0800 CANDIDATE k30_r0.4 clusters= 7 silhouette= 0.149797 RSS_GiB= 1.359 
2026-09-30T22:02:44+0800 CANDIDATE k30_r0.6 clusters= 11 silhouette= 0.100116 RSS_GiB= 1.359 
2026-09-30T22:02:45+0800 CANDIDATE k30_r0.5 clusters= 9 silhouette= 0.084323 RSS_GiB= 1.359 
2026-09-30T22:02:46+0800 CANDIDATE k30_r0.7 clusters= 12 silhouette= 0.15324 RSS_GiB= 1.359 
2026-09-30T22:02:52+0800 CANDIDATE k30_r0.8 clusters= 14 silhouette= 0.155946 RSS_GiB= 1.359 
2026-09-30T22:02:57+0800 CANDIDATE k30_r1.0 clusters= 16 silhouette= 0.163424 RSS_GiB= 1.359 
2026-09-30T22:02:58+0800 CANDIDATE k30_r1.1 clusters= 16 silhouette= 0.185407 RSS_GiB= 1.359 
2026-09-30T22:03:06+0800 CANDIDATE k30_r0.9 clusters= 15 silhouette= 0.164136 RSS_GiB= 1.359 
2026-09-30T22:03:07+0800 CANDIDATE k30_r1.2 clusters= 16 silhouette= 0.182571 RSS_GiB= 1.359 
2026-09-30T22:03:10+0800 CANDIDATE k30_r1.4 clusters= 17 silhouette= 0.186525 RSS_GiB= 1.359 
2026-09-30T22:03:13+0800 CANDIDATE k30_r1.5 clusters= 18 silhouette= 0.170647 RSS_GiB= 1.359 
2026-09-30T22:03:17+0800 CANDIDATE k30_r1.3 clusters= 17 silhouette= 0.190964 RSS_GiB= 1.359 
2026-09-30T22:03:18+0800 COMPLETE NPJ__UNVERIFIED k30_r0.1 niches= 4 seconds= 141 
