expression(source("/home/data/t070721/codex_workspace/Bladder Metabolism/mp_ucell_state_v1/code/00_common.R"), 
    Sys.setlocale("LC_COLLATE", "C"), logmsg("Audit starting"), 
    versions <- rbindlist(lapply(c("UCell", "Seurat", "SeuratObject", 
        "leidenbase", "igraph", "uwot", "qs", "Matrix", "BiocParallel", 
        "ggplot2", "ggrastr", "SCP"), function(p) data.table(package = p, 
        version = if (requireNamespace(p, quietly = TRUE)) as.character(packageVersion(p)) else NA_character_))), 
    write_tsv(versions, out("00_input_audit/software_versions.tsv")), 
    capture.output(sessionInfo(), file = out("logs/sessionInfo_audit.txt")), 
    capture.output(formals(UCell::ScoreSignatures_UCell), Seurat:::FindNeighbors.default, 
        Seurat:::FindClusters.default, Seurat:::RunLeiden, Seurat:::RunUMAP.default, 
        file = out("00_input_audit/installed_API.txt")), files <- c(input, 
        file.path(frozen, c("01_input_summary.csv", "00_parameters.csv", 
            "00_run_signature.txt", "01_input_state.qs", "01_analysis_sample_id_map.csv", 
            "01_sample_metadata_map.csv", "07_EpiMP_gene_basis.qs", 
            "07_EpiMP_basis_sample_balanced.csv", "07_EpiMP_top50_genes.csv", 
            "08_cell_EpiMP_scores.qs")), "/home/data/t070721/codex_workspace/Bladder Metabolism/cellchat/specimen_level_CellChat_input_audit.csv"), 
    fi <- file.info(files), manifest <- data.table(path = files, 
        bytes = fi$size, mtime = as.character(fi$mtime), version_evidence = c("Original input path recorded in frozen 01_input_summary.csv", 
            rep("output_full_cc_seed5_v2 / run_signature=7806d59bc293c240", 
                10), "Existing specimen audit; patient status must be respected")), 
    write_tsv(manifest, out("00_input_audit/input_manifest.tsv")), 
    b <- qread(file.path(frozen, "07_EpiMP_gene_basis.qs")), 
    basis <- b$sample_balanced_mean, stopifnot(identical(dim(basis), 
        c(3000L, 14L)), identical(colnames(basis), mp), !anyDuplicated(rownames(basis)), 
        all(is.finite(basis)), b$primary_name == "sample_balanced_mean"), 
    bcsv <- read.csv(file.path(frozen, "07_EpiMP_basis_sample_balanced.csv"), 
        row.names = 1, check.names = FALSE), stopifnot(identical(dimnames(basis), 
        dimnames(as.matrix(bcsv))), max(abs(basis - as.matrix(bcsv))) < 
        1e-14), writeLines(c(paste("basis dimensions", paste(dim(basis), 
        collapse = " x ")), paste("columns", paste(colnames(basis), 
        collapse = ",")), paste("CSV maximum absolute difference", 
        max(abs(basis - as.matrix(bcsv))))), out("00_input_audit/basis_check.txt")), 
    st <- qread(file.path(frozen, "01_input_state.qs")), logmsg("Loading original Seurat object"), 
    seu <- qread(input, nthreads = 2), ids <- st$cells, stopifnot(!anyDuplicated(ids), 
        setequal(ids, colnames(seu)), identical(st$analysis_cell_hash, 
            digest(sort(ids), algo = "xxhash64"))), md <- as.data.table(seu@meta.data[ids, 
        , drop = FALSE], keep.rownames = "cell_id"), md[, `:=`(sample, 
        paste(dataset, orig.ident, sep = "|"))], stopifnot(identical(md$sample, 
        unname(st$analysis_sample_id_by_cell[ids]))), sa <- fread(tail(files, 
        1)), sa[, `:=`(sample, paste(dataset, specimen_id, sep = "|"))], 
    stopifnot(!anyDuplicated(sa$sample)), mi <- match(md$sample, 
        sa$sample), stopifnot(!anyNA(mi)), md[, `:=`(patient_status, 
        sa$patient_id_status[mi])], md[, `:=`(patient_source, 
        sa$patient_id_source[mi])], md[, `:=`(patient_recorded, 
        sa$patient_uid[mi])], md[, `:=`(patient, fifelse(patient_status %in% 
        c("confirmed", "verified"), patient_recorded, NA_character_))], 
    md[, `:=`(source, as.character(Type))], md[, `:=`(annotation, 
        as.character(major_celltype))], md[, `:=`(original_cluster, 
        as.character(epi_allgene_cluster))], write_tsv(unique(md[, 
        .(sample, dataset, orig.ident, sample_id, source, patient, 
            patient_recorded, patient_status, patient_source)]), 
        out("00_input_audit/sample_patient_mapping.tsv")), write_tsv(md[, 
        .(n_cells = .N), by = .(sample, dataset, source, patient, 
            patient_status)], out("00_input_audit/sample_cell_counts.tsv")), 
    write_tsv(md[, .(n_cells = .N, n_samples = uniqueN(sample)), 
        by = .(dataset, source)], out("00_input_audit/dataset_source_counts.tsv")), 
    write_tsv(md, out("00_input_audit/cell_manifest.tsv.gz")), 
    qsave_atomic(md, out("00_input_audit/cell_metadata.qs")), 
    writeLines(c("FULL is exactly the original object cells and frozen 01_input_state.qs$cells; no annotation/source/sample size filtering.", 
        paste("n_cells", length(ids), "n_samples", uniqueN(md$sample), 
            "n_datasets", uniqueN(md$dataset)), paste("frozen_cell_hash", 
            st$analysis_cell_hash), "Patient map is derived/provisional in existing audit; no clinical confirmation assumed. Patient-level replication unavailable unless status explicitly verified/confirmed.", 
        "orig.ident is specimen_id in existing specimen audit; analysis_sample = dataset|orig.ident validated cell by cell."), 
        out("00_input_audit/FULL_identity.txt")), assay <- seu[["RNA"]], 
    layers <- Layers(assay), la <- rbindlist(lapply(layers, function(l) {
        a <- LayerData(assay, layer = l)
        data.table(layer = l, n_features = nrow(a), n_cells = ncol(a), 
            class = class(a)[1], features_hash = digest(rownames(a), 
                "sha256"), cells_hash = digest(colnames(a), "sha256"))
    })), write_tsv(la, out("00_input_audit/RNA_layers.tsv")), 
    cl <- grep("^counts($|\\.)", layers, value = TRUE), if (length(cl) != 
        1L) stop("Counts layer topology requires explicit reconciliation; stopping before score computation"), 
    x <- LayerData(assay, layer = cl), stopifnot(inherits(x, 
        "sparseMatrix"), setequal(colnames(x), ids), !anyDuplicated(rownames(x)), 
        all(x@x >= 0), all(is.finite(x@x))), x <- x[, ids, drop = FALSE], 
    write_tsv(data.table(gene = rownames(x)), out("00_input_audit/RNA_feature_universe.tsv.gz")), 
    sig <- rbindlist(lapply(mp, function(m) {
        ii <- order(-basis[, m], rownames(basis), method = "radix")[1:50]
        data.table(MP = m, gene = rownames(basis)[ii], rank = 1:50, 
            loading = basis[ii, m])
    })), sig[, `:=`(ID_before = gene, ID_after = gene, present_in_RNA = gene %in% 
        rownames(x), mapping = "exact identifier; no renaming", 
        source = file.path(frozen, "07_EpiMP_gene_basis.qs:sample_balanced_mean"))], 
    stopifnot(all(sig[, uniqueN(gene), by = MP]$V1 == 50L), all(nzchar(sig$gene))), 
    features <- setNames(lapply(mp, function(m) sig[MP == m]$gene), 
        mp), sig[, `:=`(signature_sha256, digest(paste(gene, 
        collapse = "\n"), algo = "sha256", serialize = FALSE)), 
        by = MP], write_tsv(sig, out("01_signatures/top50_signatures.tsv")), 
    qsave_atomic(features, out("01_signatures/signatures.qs")), 
    old <- fread(file.path(frozen, "07_EpiMP_top50_genes.csv")), 
    diff <- merge(sig[, .(MP, rank, canonical_gene = gene)], 
        old[, .(MP = EpiMP, rank, frozen_gene = gene)], by = c("MP", 
            "rank"), all = TRUE), write_tsv(diff, out("01_signatures/frozen_top50_comparison.tsv")), 
    write_tsv(sig[, .(n_signature = .N, n_present = sum(present_in_RNA), 
        n_missing = sum(!present_in_RNA), signature_sha256 = signature_sha256[1]), 
        by = MP], out("01_signatures/coverage.tsv")), ov <- CJ(MP1 = mp, 
        MP2 = mp), ov[, `:=`(overlap, mapply(function(a, b) length(intersect(features[[a]], 
        features[[b]])), MP1, MP2))], ov[, `:=`(Jaccard, overlap/(100 - 
        overlap))], write_tsv(ov, out("01_signatures/overlap_jaccard_long.tsv")), 
    write_tsv(dcast(ov, MP1 ~ MP2, value.var = "overlap"), out("01_signatures/overlap_matrix.tsv")), 
    write_tsv(dcast(ov, MP1 ~ MP2, value.var = "Jaccard"), out("01_signatures/jaccard_matrix.tsv")), 
    md[, `:=`(nFeature_counts, Matrix::colSums(x > 0))], md[, 
        `:=`(nCount_counts, Matrix::colSums(x))], qsave_atomic(md, 
        out("00_input_audit/cell_metadata.qs")), depth <- rbindlist(lapply(c("dataset", 
        "sample"), function(g) md[, .(n = .N, min = min(nFeature_counts), 
        q05 = as.numeric(quantile(nFeature_counts, 0.05)), median = as.numeric(median(nFeature_counts)), 
        q95 = as.numeric(quantile(nFeature_counts, 0.95)), max = max(nFeature_counts), 
        fraction_below_1500 = mean(nFeature_counts < 1500)), 
        by = c(g)][, `:=`(unit, g)]), fill = TRUE), write_tsv(depth, 
        out("02_ucell_scores/depth_by_dataset_sample.tsv")), 
    detected <- sapply(features, function(g) Matrix::colSums(x[intersect(g, 
        rownames(x)), , drop = FALSE] > 0)), rownames(detected) <- ids, 
    qsave_atomic(detected, out("02_ucell_scores/signature_detected_counts.qs")), 
    qsave_atomic(t(qread(file.path(frozen, "08_cell_EpiMP_scores.qs"))$usage_raw[mp, 
        ids, drop = FALSE]), out("02_ucell_scores/original_usage_raw.qs")), 
    rm(seu, assay, b), gc(), identity <- list(config = config_hash, 
        signature = digest(features, "sha256"), cells = digest(ids, 
            "sha256"), features = digest(rownames(x), "sha256"), 
        input_manifest = digest(manifest, "sha256"), UCell = as.character(packageVersion("UCell"))), 
    if (file.exists(out("02_ucell_scores/M_RAW.qs"))) {
        stopifnot(identical(qread(out("02_ucell_scores/score_identity.qs")), 
            identity))
        M <- qread(out("02_ucell_scores/M_RAW.qs"))
        logmsg("Reusing verified M_RAW")
    } else {
        qsave_atomic(identity, out("02_ucell_scores/score_identity.qs"))
        logmsg("UCell once on FULL: all RNA features, 14 top50 sets, chunks500 workers2")
        M <- UCell::ScoreSignatures_UCell(matrix = x, features = features, 
            maxRank = 1500, ties.method = "average", missing_genes = "impute", 
            name = NULL, chunk.size = 500, ncores = 2, BPPARAM = BiocParallel::MulticoreParam(workers = 2), 
            force.gc = TRUE)
        M <- as.matrix(M)
        stopifnot(setequal(rownames(M), ids), setequal(colnames(M), 
            mp))
        M <- M[ids, mp, drop = FALSE]
        stopifnot(all(is.finite(M)), !anyDuplicated(rownames(M)), 
            nrow(M) == length(ids))
        qsave_atomic(M, out("02_ucell_scores/M_RAW.qs"))
    }, rm(x), gc(), qc <- data.table(MP = mp, min = apply(M, 
        2, min), max = apply(M, 2, max), mean = colMeans(M), 
        sd = apply(M, 2, sd), zero_fraction = colMeans(M == 0)), 
    write_tsv(qc, out("02_ucell_scores/raw_score_QC.tsv")), dup <- duplicated(M) | 
        duplicated(M, fromLast = TRUE), write_tsv(data.table(n = nrow(M), 
        all_zero_fraction = mean(rowSums(M) == 0), duplicate_excess_fraction = mean(duplicated(M)), 
        any_duplicate_vector_fraction = mean(dup), n_unique_vectors = nrow(unique(M))), 
        out("02_ucell_scores/vector_QC.tsv")), stopifnot(all(qc$sd > 
        0), all(is.finite(qc$sd))), Z <- M, for (j in seq_along(mp)) Z[, 
        j] <- (M[, j] - qc$mean[j])/qc$sd[j], qsave_atomic(Z, 
        out("02_ucell_scores/M_Z.qs")), write_tsv(qc[, .(MP, 
        mean_FULL = mean, sd_FULL = sd)], out("02_ucell_scores/global_scaling.tsv")), 
    writeLines(digest(qc[, .(MP, mean, sd)], "sha256"), out("02_ucell_scores/global_scaling.sha256")), 
    for (seed in 42:44) {
        set.seed(seed)
        sel <- unlist(lapply(split(seq_len(nrow(md)), md$sample), 
            function(ii) if (length(ii) > 1000) 
                sample(ii, 1000, replace = FALSE)
            else ii), use.names = FALSE)
        sel <- sort(sel)
        bal <- md[sel, .(cell_id, dataset, sample, patient, patient_status)]
        write_tsv(bal, out("05_balanced", paste0("seed", seed, 
            "_cell_manifest.tsv.gz")))
        qsave_atomic(bal$cell_id, out("05_balanced", paste0("seed", 
            seed, "_cell_ids.qs")))
        counts <- merge(md[, .(before = .N), by = sample], bal[, 
            .(after = .N), by = sample], by = "sample", all = TRUE)
        stopifnot(all(counts$after == pmin(counts$before, 1000)), 
            !anyDuplicated(bal$cell_id))
        write_tsv(counts, out("05_balanced", paste0("seed", seed, 
            "_sample_counts.tsv")))
    }, capture.output(sessionInfo(), file = out("logs/sessionInfo_scoring.txt")), 
    writeLines("complete", out("02_ucell_scores/COMPLETE")), 
    logmsg("Audit and scoring complete"))
expression(source("/home/data/t070721/codex_workspace/Bladder Metabolism/mp_ucell_state_v1/code/00_common.R"), 
    stopifnot(file.exists(out("02_ucell_scores/COMPLETE"))), 
    future::plan("sequential"), M <- qread(out("02_ucell_scores/M_RAW.qs")), 
    Z <- qread(out("02_ucell_scores/M_Z.qs")), instances <- data.table(instance = c("FULL_Z", 
        "FULL_RAW", as.vector(rbind(paste0("BAL_Z_seed", 42:44), 
            paste0("BAL_RAW_seed", 42:44))))), instances[, `:=`(directory, 
        ifelse(instance == "FULL_Z", "03_full_z", ifelse(instance == 
            "FULL_RAW", "04_full_raw", paste0("05_balanced/", 
            instance))))], write_tsv(instances, out("instance_manifest.tsv")), 
    for (ii in seq_len(nrow(instances))) {
        nm <- instances$instance[ii]
        dir <- out(instances$directory[ii])
        dir.create(dir, recursive = TRUE, showWarnings = FALSE)
        ids <- if (startsWith(nm, "FULL")) 
            rownames(M)
        else qread(out("05_balanced", paste0("seed", sub(".*seed", 
            "", nm), "_cell_ids.qs")))
        X <- if (grepl("_RAW", nm)) 
            M[ids, mp, drop = FALSE]
        else Z[ids, mp, drop = FALSE]
        stopifnot(ncol(X) == 14, identical(rownames(X), ids), 
            all(is.finite(X)))
        id <- list(config_hash = config_hash, matrix_hash = digest(X, 
            "sha256"), instance = nm)
        ip <- file.path(dir, "instance_identity.qs")
        if (file.exists(ip)) 
            stopifnot(identical(id, qread(ip)))
        else qsave_atomic(id, ip)
        gp <- file.path(dir, "SNN.qs")
        if (file.exists(gp)) {
            snn <- qread(gp)
            logmsg(nm, "reuse SNN")
        }
        else {
            logmsg(nm, "FindNeighbors cells", nrow(X), "features", 
                ncol(X))
            set.seed(42)
            nn <- FindNeighbors(object = X, k.param = 20, nn.method = "annoy", 
                n.trees = 50, annoy.metric = "euclidean", l2.norm = FALSE, 
                compute.SNN = TRUE, prune.SNN = 1/15, verbose = TRUE)
            snn <- nn$snn
            stopifnot(identical(rownames(snn), ids), identical(colnames(snn), 
                ids), inherits(snn, "sparseMatrix"))
            qsave_atomic(snn, gp)
            rm(nn)
        }
        rr <- if (nm == "FULL_Z") 
            c(0.4, 0.2, 0.6)
        else 0.4
        for (res in rr) {
            cp <- file.path(dir, paste0("clusters_res", res, 
                ".tsv.gz"))
            if (!file.exists(cp)) {
                logmsg(nm, "Leiden resolution", res)
                set.seed(42)
                cl <- FindClusters(object = snn, algorithm = 4, 
                  leiden_method = "leidenbase", modularity.fxn = 1, 
                  resolution = res, random.seed = 42, n.iter = 10, 
                  group.singletons = TRUE, verbose = TRUE)
                stopifnot(setequal(rownames(cl), ids), ncol(cl) == 
                  1)
                labels <- data.table(cell_id = rownames(cl), 
                  cluster = paste0("C", cl[[1]]))
                labels <- labels[match(ids, cell_id)]
                write_tsv(labels, cp)
            }
        }
        up <- file.path(dir, "umap.qs")
        if (!file.exists(up)) {
            logmsg(nm, "UMAP direct 14D")
            set.seed(42)
            old <- options(mc.cores = 1)
            u <- RunUMAP(object = X, umap.method = "uwot", n.components = 2L, 
                metric = "euclidean", n.neighbors = 30L, min.dist = 0.3, 
                seed.use = 42L, uwot.sgd = FALSE, verbose = TRUE)
            options(old)
            emb <- Embeddings(u)
            stopifnot(setequal(rownames(emb), ids), ncol(emb) == 
                2)
            emb <- emb[ids, , drop = FALSE]
            colnames(emb) <- c("UMAP_1", "UMAP_2")
            qsave_atomic(emb, up)
            write_tsv(as.data.table(emb, keep.rownames = "cell_id"), 
                file.path(dir, "umap_coordinates.tsv.gz"))
        }
        writeLines("complete", file.path(dir, "COMPLETE"))
        logmsg(nm, "complete")
        rm(snn, X)
        gc()
    }, capture.output(sessionInfo(), file = out("logs/sessionInfo_graphs.txt")), 
    writeLines("complete", out("logs/GRAPHS_COMPLETE")))
expression(source("/home/data/t070721/codex_workspace/Bladder Metabolism/mp_ucell_state_v1/code/00_common.R"), 
    M <- qread(out("02_ucell_scores/M_RAW.qs")), Z <- qread(out("02_ucell_scores/M_Z.qs")), 
    md <- qread(out("00_input_audit/cell_metadata.qs")), inst <- fread(out("instance_manifest.tsv")), 
    cor_safe <- function(x, y) {
        k <- is.finite(x) & is.finite(y)
        list(n = sum(k), rho = if (sum(k) > 2 && length(unique(x[k])) > 
            1 && length(unique(y[k])) > 1) cor(x[k], y[k], method = "spearman") else NA_real_)
    }, labels <- list(), profiles <- list(), candidates <- list(), 
    for (i in seq_len(nrow(inst))) {
        nm <- inst$instance[i]
        dir <- out(inst$directory[i])
        rr <- if (nm == "FULL_Z") 
            c(0.4, 0.2, 0.6)
        else 0.4
        for (res in rr) {
            key <- paste0(nm, "_res", res)
            logmsg("Summarize", key)
            cl <- fread(file.path(dir, paste0("clusters_res", 
                res, ".tsv.gz")))
            stopifnot(!anyDuplicated(cl$cell_id), all(cl$cell_id %in% 
                rownames(M)))
            labels[[key]] <- cl
            di <- match(cl$cell_id, md$cell_id)
            dt <- copy(md[di])
            dt[, `:=`(cluster, cl$cluster)]
            stopifnot(identical(dt$cell_id, cl$cell_id))
            a <- M[cl$cell_id, mp, drop = FALSE]
            z <- Z[cl$cell_id, mp, drop = FALSE]
            dd <- cbind(dt[, .(cell_id, cluster, dataset, sample, 
                source, annotation, original_cluster)], as.data.table(a))
            pp <- rbindlist(lapply(mp, function(m) {
                v <- dd[, .(n = .N, raw_mean = mean(get(m)), 
                  raw_median = median(get(m)), raw_sd = sd(get(m)), 
                  raw_q05 = as.numeric(quantile(get(m), 0.05)), 
                  raw_q25 = as.numeric(quantile(get(m), 0.25)), 
                  raw_q75 = as.numeric(quantile(get(m), 0.75)), 
                  raw_q95 = as.numeric(quantile(get(m), 0.95)), 
                  raw_zero_fraction = mean(get(m) == 0)), by = cluster]
                v[, `:=`(MP, m)]
                v
            }))
            zz <- cbind(dt[, .(cluster)], as.data.table(z))
            zm <- melt(zz[, lapply(.SD, mean), by = cluster, 
                .SDcols = mp], id.vars = "cluster", variable.name = "MP", 
                value.name = "global_z_mean")
            zm[, `:=`(MP, as.character(MP))]
            pp <- merge(pp, zm, by = c("cluster", "MP"))
            pp[, `:=`(instance, key)]
            profiles[[key]] <- pp
            write_tsv(pp, file.path(dir, paste0("cluster_MP_profiles_res", 
                res, ".tsv")))
            cc <- dt[, .(n_cells = .N, n_samples = uniqueN(sample), 
                n_datasets = uniqueN(dataset), n_verified_patients = if (all(is.na(patient))) 
                  NA_integer_
                else uniqueN(na.omit(patient)), max_sample = names(sort(table(sample), 
                  decreasing = TRUE))[1], max_sample_fraction = max(table(sample))/.N, 
                patient_assessment = if (all(is.na(patient))) 
                  "unavailable_unverified_mapping"
                else "verified_subset"), by = cluster]
            cc[, `:=`(fraction_of_this_branch, n_cells/sum(n_cells))]
            write_tsv(cc, file.path(dir, paste0("cluster_composition_res", 
                res, ".tsv")))
            for (g in c("sample", "dataset", "source", "annotation", 
                "original_cluster")) {
                ct <- dt[, .(n = .N), by = c("cluster", g)]
                ct[, `:=`(fraction_within_unit, n/sum(n)), by = g]
                ct[, `:=`(fraction_within_cluster, n/sum(n)), 
                  by = cluster]
                write_tsv(ct, file.path(dir, paste0("cluster_by_", 
                  g, "_res", res, ".tsv")))
            }
            ct <- CJ(sample = unique(dt$sample), cluster = unique(dt$cluster))
            ct <- merge(ct, dt[, .(n = .N), by = .(sample, cluster)], 
                all.x = TRUE, by = c("sample", "cluster"))
            ct[is.na(n), `:=`(n, 0L)]
            ct[, `:=`(sample_total, sum(n)), by = sample]
            ct[, `:=`(proportion, n/sample_total)]
            write_tsv(ct, file.path(dir, paste0("sample_cluster_proportions_res", 
                res, ".tsv")))
            dp <- dd[, lapply(.SD, mean), by = .(dataset, cluster), 
                .SDcols = mp]
            write_tsv(dp, file.path(dir, paste0("dataset_cluster_raw_profiles_res", 
                res, ".tsv")))
            delt <- rbindlist(lapply(sort(unique(dt$cluster)), 
                function(k) dd[, {
                  v <- EpiMP10
                  hit <- cluster == k
                  ni <- sum(hit)
                  no <- sum(!hit)
                  list(n_in = ni, n_rest = no, mean_in = if (ni) mean(v[hit]) else NA_real_, 
                    mean_rest = if (no) mean(v[!hit]) else NA_real_, 
                    delta_mean = if (ni && no) mean(v[hit]) - 
                      mean(v[!hit]) else NA_real_, delta_median = if (ni && 
                      no) median(v[hit]) - median(v[!hit]) else NA_real_)
                }, by = .(sample, dataset)][, `:=`(cluster, k)]))
            delt[, `:=`(direction, fcase(is.na(delta_mean), "NA", 
                delta_mean > 0, "positive", delta_mean < 0, "negative", 
                default = "zero"))]
            write_tsv(delt, file.path(dir, paste0("MP10_sample_within_contrasts_res", 
                res, ".tsv")))
            cand <- merge(pp[MP == "EpiMP10"], cc, by = "cluster")
            setorder(cand, -raw_mean)
            cand[, `:=`(MP10_mean_rank, seq_len(.N))]
            cand[, `:=`(above_FULL_mean, global_z_mean > 0)]
            rel <- pp[, .(MP10_rank_among_z = rank(-global_z_mean, 
                ties.method = "min")[MP == "EpiMP10"], top3_z_MPs = paste(MP[order(-global_z_mean)][1:3], 
                collapse = ";")), by = cluster]
            cand <- merge(cand, rel, by = "cluster")
            candidates[[key]] <- cand
        }
    }, write_tsv(rbindlist(profiles), out("07_mp10_review/all_cluster_14MP_profiles.tsv")), 
    write_tsv(rbindlist(candidates), out("07_mp10_review/MP10_candidate_state_table.tsv")), 
    qsave_atomic(labels, out("06_comparisons/labels_all10.qs")), 
    usage <- qread(out("02_ucell_scores/original_usage_raw.qs")), 
    stopifnot(setequal(rownames(usage), rownames(M))), usage <- usage[rownames(M), 
        mp, drop = FALSE], co <- list(), qc <- list(), idxlist <- c(list(FULL = seq_len(nrow(M))), 
        split(seq_len(nrow(M)), md$sample), split(seq_len(nrow(M)), 
            md$dataset)), for (g in names(idxlist)) {
        ii <- idxlist[[g]]
        for (m in mp) {
            v <- cor_safe(M[ii, m], usage[ii, m])
            co[[length(co) + 1]] <- data.table(unit = g, MP = m, 
                n = v$n, spearman = v$rho)
        }
        for (f in c("nFeature_counts", "nCount_counts", "percent.mt")) {
            v <- cor_safe(M[ii, "EpiMP10"], md[[f]][ii])
            qc[[length(qc) + 1]] <- data.table(unit = g, covariate = f, 
                n = v$n, spearman = v$rho)
        }
    }, write_tsv(rbindlist(co), out("07_mp10_review/UCell_original_usage_spearman.tsv")), 
    write_tsv(rbindlist(qc), out("07_mp10_review/MP10_QC_spearman.tsv")), 
    review <- copy(md), review[, `:=`(MP10, M[cell_id, "EpiMP10"])], 
    write_tsv(review[, .(n = .N, mean = mean(MP10), median = median(MP10), 
        q25 = quantile(MP10, 0.25), q75 = quantile(MP10, 0.75)), 
        by = .(dataset, source)], out("07_mp10_review/MP10_by_dataset_source.tsv")), 
    det <- qread(out("02_ucell_scores/signature_detected_counts.qs")), 
    write_tsv(rbindlist(lapply(mp, function(m) data.table(dataset = md$dataset, 
        sample = md$sample, detected = as.numeric(det[md$cell_id, 
            m]))[, .(n = .N, mean = mean(detected), median = median(detected), 
        zero_fraction = mean(detected == 0)), by = .(dataset, 
        sample)][, `:=`(MP, m)])), out("02_ucell_scores/signature_detection_by_sample.tsv")), 
    metrics <- function(tab) {
        n <- sum(tab)
        a <- rowSums(tab)
        b <- colSums(tab)
        choose2 <- function(x) x * (x - 1)/2
        v <- sum(choose2(tab))
        expected <- sum(choose2(a)) * sum(choose2(b))/choose2(n)
        den <- (sum(choose2(a)) + sum(choose2(b)))/2 - expected
        p <- tab/n
        pa <- a/n
        pb <- b/n
        expect <- outer(pa, pb)
        pos <- p > 0
        MI <- sum(p[pos] * log(p[pos]/expect[pos]))
        HA <- -sum(pa[pa > 0] * log(pa[pa > 0]))
        HB <- -sum(pb[pb > 0] * log(pb[pb > 0]))
        c(ARI = if (den == 0) NA_real_ else (v - expected)/den, 
            NMI = if (HA + HB == 0) NA_real_ else 2 * MI/(HA + 
                HB))
    }, pairs <- list(c("FULL_Z_res0.4", "FULL_RAW_res0.4")), 
    for (s in 42:44) {
        pairs <- c(pairs, list(c(paste0("BAL_Z_seed", s, "_res0.4"), 
            paste0("BAL_RAW_seed", s, "_res0.4")), c("FULL_Z_res0.4", 
            paste0("BAL_Z_seed", s, "_res0.4")), c("FULL_RAW_res0.4", 
            paste0("BAL_RAW_seed", s, "_res0.4"))))
    }, pairs <- c(pairs, list(c("FULL_Z_res0.4", "FULL_Z_res0.2"), 
        c("FULL_Z_res0.4", "FULL_Z_res0.6"))), for (sc in c("Z", 
        "RAW")) for (ss in combn(42:44, 2, simplify = FALSE)) pairs <- c(pairs, 
        list(paste0("BAL_", sc, "_seed", ss, "_res0.4"))), met <- list(), 
    best <- list(), matched <- list(), for (pair in pairs) {
        a <- labels[[pair[1]]]
        b <- labels[[pair[2]]]
        common <- intersect(a$cell_id, b$cell_id)
        stopifnot(length(common) > 0)
        aa <- a$cluster[match(common, a$cell_id)]
        bb <- b$cluster[match(common, b$cell_id)]
        tab <- table(A = aa, B = bb)
        ms <- metrics(tab)
        nm <- paste(pair, collapse = "__vs__")
        met[[nm]] <- data.table(A = pair[1], B = pair[2], n_common = length(common), 
            n_A = nrow(a), n_B = nrow(b), ARI = ms["ARI"], NMI = ms["NMI"])
        ov <- as.data.table(tab)
        setnames(ov, "N", "overlap")
        ov[, `:=`(A, as.character(A))]
        ov[, `:=`(B, as.character(B))]
        ov[, `:=`(size_A, sum(overlap)), by = A]
        ov[, `:=`(size_B, sum(overlap)), by = B]
        ov[, `:=`(fraction_A = overlap/size_A, fraction_B = overlap/size_B, 
            Jaccard = overlap/(size_A + size_B - overlap))]
        write_tsv(ov, out("06_comparisons", paste0(nm, "_overlap.tsv")))
        for (direction in c("A", "B")) {
            tmp <- copy(ov)
            setorderv(tmp, c(direction, "Jaccard"), c(1, -1))
            bm <- tmp[, .SD[1], by = direction]
            bm[, `:=`(branch_A = pair[1], branch_B = pair[2], 
                direction = direction, n_common = length(common))]
            best[[paste0(nm, direction)]] <- bm
        }
        ca <- copy(profiles[[pair[1]]])
        cb <- copy(profiles[[pair[2]]])
        ca[, `:=`(comparison, nm)]
        cb[, `:=`(comparison, nm)]
        matched[[nm]] <- rbind(ca, cb)
    }, write_tsv(rbindlist(met), out("06_comparisons/ARI_NMI.tsv")), 
    write_tsv(rbindlist(best, use.names = TRUE), out("06_comparisons/best_cluster_Jaccard.tsv")), 
    write_tsv(rbindlist(matched), out("06_comparisons/matched_branch_14MP_profiles.tsv")), 
    writeLines(c("Patient-level results unavailable: existing mappings are derived or provisional, not independently confirmed.", 
        "No patient IDs invented. All specimen and dataset analyses completed.", 
        "Candidate table ranks ALL clusters descriptively. above_FULL_mean is a descriptive flag, not a validated-state threshold.", 
        "MP10 is used in clustering; MP10 enrichment is definitional and not independent biological evidence."), 
        out("07_mp10_review/interpretation_limits.txt")), writeLines("complete", 
        out("logs/SUMMARIES_COMPLETE")))
