2026-10-08 20:57:16 Figure ALL__FULL_Z__frozen_state_overlays 
2026-10-08 20:57:30 Figure CNP0000460__FULL_Z__frozen_state_overlays 
2026-10-08 20:57:35 Figure GSE326225__FULL_Z__frozen_state_overlays 
2026-10-08 20:57:45 Figure HRA003620__FULL_Z__frozen_state_overlays 
2026-10-08 20:57:53 Figure InhouseData__FULL_Z__frozen_state_overlays 
2026-10-08 20:58:04 Figure PRJNA662018__FULL_Z__frozen_state_overlays 
2026-10-08 20:58:26 Figure ALL__original_RNA__frozen_state_overlays 
2026-10-08 20:58:40 Figure CNP0000460__original_RNA__frozen_state_overlays 
2026-10-08 20:58:45 Figure GSE326225__original_RNA__frozen_state_overlays 
2026-10-08 20:58:53 Figure HRA003620__original_RNA__frozen_state_overlays 
2026-10-08 20:59:00 Figure InhouseData__original_RNA__frozen_state_overlays 
2026-10-08 20:59:12 Figure PRJNA662018__original_RNA__frozen_state_overlays 
2026-10-08 20:59:14 Figure ALL__MP10_usage_paired_deltas 
2026-10-08 20:59:16 Figure ALL__paired_QC 
2026-10-08 20:59:18 Figure ALL__shortlist_DotPlot 
2026-10-08 20:59:20 Figure ALL__MP07_MP10_gene_diagnostics 
2026-10-08 20:59:21 Figure ALL__sample_composition 
2026-10-08 20:59:23 Figure CNP0000460__MP10_usage_paired_deltas 
2026-10-08 20:59:24 Figure CNP0000460__paired_QC 
2026-10-08 20:59:27 Figure CNP0000460__shortlist_DotPlot 
2026-10-08 20:59:28 Figure CNP0000460__MP07_MP10_gene_diagnostics 
2026-10-08 20:59:29 Figure CNP0000460__sample_composition 
2026-10-08 20:59:29 Figure GSE326225__MP10_usage_paired_deltas 
2026-10-08 20:59:30 Figure GSE326225__sample_composition 
2026-10-08 20:59:32 Figure HRA003620__MP10_usage_paired_deltas 
2026-10-08 20:59:33 Figure HRA003620__paired_QC 
2026-10-08 20:59:35 Figure HRA003620__shortlist_DotPlot 
2026-10-08 20:59:37 Figure HRA003620__MP07_MP10_gene_diagnostics 
2026-10-08 20:59:38 Figure HRA003620__sample_composition 
2026-10-08 20:59:39 Figure InhouseData__MP10_usage_paired_deltas 
2026-10-08 20:59:40 Figure InhouseData__paired_QC 
2026-10-08 20:59:42 Figure InhouseData__shortlist_DotPlot 
2026-10-08 20:59:43 Figure InhouseData__MP07_MP10_gene_diagnostics 
2026-10-08 20:59:44 Figure InhouseData__sample_composition 
2026-10-08 20:59:46 Figure PRJNA662018__MP10_usage_paired_deltas 
2026-10-08 20:59:47 Figure PRJNA662018__paired_QC 
2026-10-08 20:59:50 Figure PRJNA662018__shortlist_DotPlot 
2026-10-08 20:59:51 Figure PRJNA662018__MP07_MP10_gene_diagnostics 
2026-10-08 20:59:52 Figure PRJNA662018__sample_composition 
2026-10-08 20:59:53 Figure ALL__14_usage_cluster_profiles 
2026-10-08 20:59:55 Figure CNP0000460__14_usage_cluster_profiles 
2026-10-08 20:59:56 Figure GSE326225__14_usage_cluster_profiles 
2026-10-08 20:59:58 Figure HRA003620__14_usage_cluster_profiles 
2026-10-08 20:59:59 Figure InhouseData__14_usage_cluster_profiles 
2026-10-08 21:00:00 Figure PRJNA662018__14_usage_cluster_profiles 
2026-10-08 21:00:01 Figure ALL__r04_C8_vs_rest__marker_sample_directions 
2026-10-08 21:00:02 Figure ALL__r06_C12_vs_C16__marker_sample_directions 
2026-10-08 21:00:03 Figure ALL__r06_C12_vs_rest__marker_sample_directions 
2026-10-08 21:00:04 Figure ALL__r06_C16_vs_rest__marker_sample_directions 
2026-10-08 21:00:04 Figure ALL__r04_C8_vs_C6__marker_sample_directions 
2026-10-08 21:00:05 Figure ALL__r04_C8_vs_C3__marker_sample_directions 
2026-10-08 21:00:05 Figures complete 
