2026-10-09 20:00:08 Leiden FULL_RAW_r0.05 
2026-10-09 20:00:55 FULL_RAW_r0.05 1 clusters 
2026-10-09 20:00:55 Leiden FULL_RAW_r0.10 
2026-10-09 20:01:40 FULL_RAW_r0.10 3 clusters 
2026-10-09 20:01:40 Leiden FULL_RAW_r0.20 
2026-10-09 20:02:26 FULL_RAW_r0.20 7 clusters 
2026-10-09 20:02:26 Leiden FULL_RAW_r0.30 
2026-10-09 20:03:11 FULL_RAW_r0.30 11 clusters 
2026-10-09 20:03:11 Leiden FULL_RAW_r0.40 
2026-10-09 20:03:56 FULL_RAW_r0.40 12 clusters 
2026-10-09 20:03:56 Leiden FULL_RAW_r0.50 
2026-10-09 20:04:41 FULL_RAW_r0.50 15 clusters 
2026-10-09 20:04:41 Leiden FULL_RAW_r0.60 
2026-10-09 20:05:25 FULL_RAW_r0.60 18 clusters 
2026-10-09 20:05:25 Leiden FULL_RAW_r0.80 
2026-10-09 20:06:10 FULL_RAW_r0.80 19 clusters 
2026-10-09 20:06:10 Leiden FULL_RAW_r1.00 
2026-10-09 20:06:54 FULL_RAW_r1.00 26 clusters 
2026-10-09 20:06:54 Leiden FULL_RAW_r1.20 
2026-10-09 20:07:38 FULL_RAW_r1.20 29 clusters 
2026-10-09 20:07:38 Leiden FULL_RAW_r1.50 
2026-10-09 20:08:26 FULL_RAW_r1.50 35 clusters 
2026-10-09 20:08:26 Leiden FULL_RAW_r2.00 
2026-10-09 20:09:06 FULL_RAW_r2.00 40 clusters 
2026-10-09 20:09:07 Leiden FULL_Z_r0.05 
2026-10-09 20:09:49 FULL_Z_r0.05 1 clusters 
2026-10-09 20:09:49 Leiden FULL_Z_r0.10 
2026-10-09 20:10:30 FULL_Z_r0.10 3 clusters 
2026-10-09 20:10:30 Leiden FULL_Z_r0.20 
2026-10-09 20:11:12 FULL_Z_r0.20 7 clusters 
2026-10-09 20:11:12 Leiden FULL_Z_r0.30 
2026-10-09 20:11:54 FULL_Z_r0.30 10 clusters 
2026-10-09 20:11:54 Leiden FULL_Z_r0.40 
2026-10-09 20:12:36 FULL_Z_r0.40 13 clusters 
2026-10-09 20:12:36 Leiden FULL_Z_r0.50 
2026-10-09 20:13:18 FULL_Z_r0.50 15 clusters 
2026-10-09 20:13:18 Leiden FULL_Z_r0.60 
2026-10-09 20:13:59 FULL_Z_r0.60 18 clusters 
2026-10-09 20:13:59 Leiden FULL_Z_r0.80 
2026-10-09 20:14:40 FULL_Z_r0.80 22 clusters 
2026-10-09 20:14:40 Leiden FULL_Z_r1.00 
2026-10-09 20:15:23 FULL_Z_r1.00 27 clusters 
2026-10-09 20:15:23 Leiden FULL_Z_r1.20 
2026-10-09 20:16:06 FULL_Z_r1.20 28 clusters 
2026-10-09 20:16:06 Leiden FULL_Z_r1.50 
2026-10-09 20:16:47 FULL_Z_r1.50 34 clusters 
2026-10-09 20:16:47 Leiden FULL_Z_r2.00 
2026-10-09 20:17:34 FULL_Z_r2.00 39 clusters 
2026-10-09 20:17:34 All 24 partitions complete 
