2026-10-09 20:32:30 Loading original RNA once for sparse aggregation 
             used   (Mb) gc trigger    (Mb)   max used    (Mb)
Ncells    3726265  199.1    6139607   327.9    6139607   327.9
Vcells 1181746752 9016.1 3199251460 24408.4 3945141365 30099.1
2026-10-09 20:33:42 Aggregate FULL_RAW_r0.05 57 bins 
2026-10-09 20:33:46 Aggregate FULL_RAW_r0.10 114 bins 
2026-10-09 20:33:50 Aggregate FULL_RAW_r0.20 156 bins 
2026-10-09 20:33:54 Aggregate FULL_RAW_r0.30 179 bins 
2026-10-09 20:33:56 Aggregate FULL_RAW_r0.40 113 bins 
2026-10-09 20:33:58 Aggregate FULL_RAW_r0.50 144 bins 
2026-10-09 20:34:00 Aggregate FULL_RAW_r0.60 240 bins 
2026-10-09 20:34:03 Aggregate FULL_RAW_r0.80 209 bins 
2026-10-09 20:34:05 Aggregate FULL_RAW_r1.00 156 bins 
2026-10-09 20:34:07 Aggregate FULL_RAW_r1.20 150 bins 
2026-10-09 20:34:09 Aggregate FULL_RAW_r1.50 130 bins 
2026-10-09 20:34:10 Aggregate FULL_RAW_r2.00 183 bins 
2026-10-09 20:34:12 Aggregate FULL_Z_r0.05 57 bins 
2026-10-09 20:34:17 Aggregate FULL_Z_r0.10 148 bins 
2026-10-09 20:34:21 Aggregate FULL_Z_r0.20 148 bins 
2026-10-09 20:34:25 Aggregate FULL_Z_r0.30 142 bins 
2026-10-09 20:34:27 Aggregate FULL_Z_r0.40 218 bins 
2026-10-09 20:34:30 Aggregate FULL_Z_r0.50 178 bins 
2026-10-09 20:34:32 Aggregate FULL_Z_r0.60 115 bins 
2026-10-09 20:34:33 Aggregate FULL_Z_r0.80 117 bins 
2026-10-09 20:34:35 Aggregate FULL_Z_r1.00 123 bins 
2026-10-09 20:34:36 Aggregate FULL_Z_r1.20 189 bins 
2026-10-09 20:34:38 Aggregate FULL_Z_r1.50 206 bins 
2026-10-09 20:34:40 Aggregate FULL_Z_r2.00 150 bins 
2026-10-09 20:34:41 All sparse aggregates complete 
