2026-10-09 23:46:18 Figure ALL__NMF__PR_all_clusters 
2026-10-09 23:46:19 Figure ALL__UCell__PR_all_clusters 
2026-10-09 23:46:20 Figure CNP0000460__candidate_PR 
2026-10-09 23:46:21 Figure GSE326225__candidate_PR 
2026-10-09 23:46:21 Figure HRA003620__candidate_PR 
2026-10-09 23:46:22 Figure InhouseData__candidate_PR 
2026-10-09 23:46:22 Figure PRJNA662018__candidate_PR 
2026-10-09 23:46:24 Figure ALL__sample_precision_recall 
2026-10-09 23:46:25 Figure ALL__candidate_source_composition 
2026-10-09 23:46:27 Figure CNP0000460__sample_precision_recall 
2026-10-09 23:46:28 Figure CNP0000460__candidate_source_composition 
2026-10-09 23:46:29 Figure GSE326225__sample_precision_recall 
2026-10-09 23:46:30 Figure GSE326225__candidate_source_composition 
2026-10-09 23:46:32 Figure HRA003620__sample_precision_recall 
2026-10-09 23:46:33 Figure HRA003620__candidate_source_composition 
2026-10-09 23:46:34 Figure InhouseData__sample_precision_recall 
2026-10-09 23:46:35 Figure InhouseData__candidate_source_composition 
2026-10-09 23:46:37 Figure PRJNA662018__sample_precision_recall 
2026-10-09 23:46:38 Figure PRJNA662018__candidate_source_composition 
2026-10-09 23:46:41 Figure ALL__FULL_RAW__candidate_marker_DotPlot 
2026-10-09 23:46:45 Figure ALL__FULL_Z__candidate_marker_DotPlot 
2026-10-09 23:46:48 Figure CNP0000460__FULL_RAW__candidate_marker_DotPlot 
2026-10-09 23:46:52 Figure CNP0000460__FULL_Z__candidate_marker_DotPlot 
2026-10-09 23:46:54 Figure GSE326225__FULL_RAW__candidate_marker_DotPlot 
2026-10-09 23:46:56 Figure GSE326225__FULL_Z__candidate_marker_DotPlot 
2026-10-09 23:46:59 Figure HRA003620__FULL_RAW__candidate_marker_DotPlot 
2026-10-09 23:47:03 Figure HRA003620__FULL_Z__candidate_marker_DotPlot 
2026-10-09 23:47:06 Figure InhouseData__FULL_RAW__candidate_marker_DotPlot 
2026-10-09 23:47:10 Figure InhouseData__FULL_Z__candidate_marker_DotPlot 
2026-10-09 23:47:13 Figure PRJNA662018__FULL_RAW__candidate_marker_DotPlot 
2026-10-09 23:47:17 Figure PRJNA662018__FULL_Z__candidate_marker_DotPlot 
2026-10-09 23:47:30 Figure ALL__FULL_RAW__shared_continuous 
2026-10-09 23:49:03 Figure ALL__FULL_RAW__candidate_highlights 
2026-10-09 23:49:09 Figure CNP0000460__FULL_RAW__shared_continuous 
2026-10-09 23:49:56 Figure CNP0000460__FULL_RAW__candidate_highlights 
2026-10-09 23:49:59 Figure GSE326225__FULL_RAW__shared_continuous 
2026-10-09 23:50:19 Figure GSE326225__FULL_RAW__candidate_highlights 
2026-10-09 23:50:23 Figure HRA003620__FULL_RAW__shared_continuous 
2026-10-09 23:50:57 Figure HRA003620__FULL_RAW__candidate_highlights 
2026-10-09 23:51:01 Figure InhouseData__FULL_RAW__shared_continuous 
2026-10-09 23:51:28 Figure InhouseData__FULL_RAW__candidate_highlights 
2026-10-09 23:51:33 Figure PRJNA662018__FULL_RAW__shared_continuous 
2026-10-09 23:52:13 Figure PRJNA662018__FULL_RAW__candidate_highlights 
2026-10-09 23:52:24 Figure ALL__FULL_Z__shared_continuous 
2026-10-09 23:53:56 Figure ALL__FULL_Z__candidate_highlights 
2026-10-09 23:54:02 Figure CNP0000460__FULL_Z__shared_continuous 
2026-10-09 23:54:50 Figure CNP0000460__FULL_Z__candidate_highlights 
2026-10-09 23:54:53 Figure GSE326225__FULL_Z__shared_continuous 
2026-10-09 23:55:12 Figure GSE326225__FULL_Z__candidate_highlights 
2026-10-09 23:55:16 Figure HRA003620__FULL_Z__shared_continuous 
2026-10-09 23:55:51 Figure HRA003620__FULL_Z__candidate_highlights 
2026-10-09 23:55:55 Figure InhouseData__FULL_Z__shared_continuous 
2026-10-09 23:56:22 Figure InhouseData__FULL_Z__candidate_highlights 
2026-10-09 23:56:27 Figure PRJNA662018__FULL_Z__shared_continuous 
2026-10-09 23:57:08 Figure PRJNA662018__FULL_Z__candidate_highlights 
2026-10-09 23:57:19 Figure ALL__RNA__shared_continuous 
2026-10-09 23:57:32 Figure ALL__RNA__candidate_highlights 
2026-10-09 23:57:38 Figure CNP0000460__RNA__shared_continuous 
2026-10-09 23:57:46 Figure CNP0000460__RNA__candidate_highlights 
2026-10-09 23:57:48 Figure GSE326225__RNA__shared_continuous 
2026-10-09 23:57:51 Figure GSE326225__RNA__candidate_highlights 
2026-10-09 23:57:55 Figure HRA003620__RNA__shared_continuous 
2026-10-09 23:58:00 Figure HRA003620__RNA__candidate_highlights 
2026-10-09 23:58:03 Figure InhouseData__RNA__shared_continuous 
2026-10-09 23:58:07 Figure InhouseData__RNA__candidate_highlights 
2026-10-09 23:58:12 Figure PRJNA662018__RNA__shared_continuous 
2026-10-09 23:58:18 Figure PRJNA662018__RNA__candidate_highlights 
2026-10-09 23:58:21 Figure ALL__adjacent_resolution_member_flows 
2026-10-09 23:58:22 Figure ALL__RAW_Z_candidate_Jaccard 
2026-10-09 23:58:22 Figures complete 
