An object of class “signature”
An object of class “signature”
2026-09-30T21:38:44+0800 START GSE171351 n= 4086 p= 30 evaluation= 4086 
2026-09-30T21:38:45+0800 GRAPH k= 10 
2026-09-30T21:38:47+0800 CANDIDATE k10_r0.1 clusters= 4 silhouette= 0.305223 RSS_GiB= 0.844 
2026-09-30T21:38:48+0800 CANDIDATE k10_r0.2 clusters= 5 silhouette= 0.338709 RSS_GiB= 0.844 
2026-09-30T21:38:48+0800 CANDIDATE k10_r0.4 clusters= 6 silhouette= 0.255417 RSS_GiB= 0.844 
2026-09-30T21:38:48+0800 CANDIDATE k10_r0.3 clusters= 5 silhouette= 0.339415 RSS_GiB= 0.844 
2026-09-30T21:38:48+0800 CANDIDATE k10_r0.5 clusters= 7 silhouette= 0.271602 RSS_GiB= 0.908 
2026-09-30T21:38:48+0800 CANDIDATE k10_r0.6 clusters= 8 silhouette= 0.288469 RSS_GiB= 0.908 
2026-09-30T21:38:48+0800 CANDIDATE k10_r0.8 clusters= 9 silhouette= 0.272301 RSS_GiB= 0.908 
2026-09-30T21:38:49+0800 CANDIDATE k10_r0.7 clusters= 8 silhouette= 0.288193 RSS_GiB= 0.908 
2026-09-30T21:38:49+0800 CANDIDATE k10_r0.9 clusters= 9 silhouette= 0.279218 RSS_GiB= 0.973 
2026-09-30T21:38:49+0800 CANDIDATE k10_r1.2 clusters= 11 silhouette= 0.223531 RSS_GiB= 0.973 
2026-09-30T21:38:49+0800 CANDIDATE k10_r1.0 clusters= 10 silhouette= 0.235278 RSS_GiB= 0.973 
2026-09-30T21:38:49+0800 CANDIDATE k10_r1.1 clusters= 10 silhouette= 0.210662 RSS_GiB= 0.973 
2026-09-30T21:38:49+0800 CANDIDATE k10_r1.3 clusters= 11 silhouette= 0.212413 RSS_GiB= 0.976 
2026-09-30T21:38:49+0800 CANDIDATE k10_r1.5 clusters= 11 silhouette= 0.209304 RSS_GiB= 0.976 
2026-09-30T21:38:49+0800 CANDIDATE k10_r1.4 clusters= 12 silhouette= 0.215196 RSS_GiB= 0.976 
2026-09-30T21:38:50+0800 GRAPH k= 20 
2026-09-30T21:38:52+0800 CANDIDATE k20_r0.1 clusters= 4 silhouette= 0.307451 RSS_GiB= 0.872 
2026-09-30T21:38:52+0800 CANDIDATE k20_r0.2 clusters= 4 silhouette= 0.307194 RSS_GiB= 0.872 
2026-09-30T21:38:52+0800 CANDIDATE k20_r0.3 clusters= 4 silhouette= 0.306974 RSS_GiB= 0.872 
2026-09-30T21:38:52+0800 CANDIDATE k20_r0.4 clusters= 5 silhouette= 0.34094 RSS_GiB= 0.872 
2026-09-30T21:38:53+0800 CANDIDATE k20_r0.5 clusters= 5 silhouette= 0.34094 RSS_GiB= 0.94 
2026-09-30T21:38:53+0800 CANDIDATE k20_r0.7 clusters= 6 silhouette= 0.256032 RSS_GiB= 0.94 
2026-09-30T21:38:53+0800 CANDIDATE k20_r0.6 clusters= 6 silhouette= 0.256349 RSS_GiB= 0.94 
2026-09-30T21:38:53+0800 CANDIDATE k20_r0.8 clusters= 6 silhouette= 0.256032 RSS_GiB= 0.94 
2026-09-30T21:38:54+0800 CANDIDATE k20_r1.1 clusters= 9 silhouette= 0.255142 RSS_GiB= 1.004 
2026-09-30T21:38:54+0800 CANDIDATE k20_r1.0 clusters= 9 silhouette= 0.255772 RSS_GiB= 1.004 
2026-09-30T21:38:54+0800 CANDIDATE k20_r1.2 clusters= 10 silhouette= 0.208161 RSS_GiB= 1.004 
2026-09-30T21:38:54+0800 CANDIDATE k20_r0.9 clusters= 7 silhouette= 0.270642 RSS_GiB= 1.004 
2026-09-30T21:38:54+0800 CANDIDATE k20_r1.5 clusters= 10 silhouette= 0.205107 RSS_GiB= 1.012 
2026-09-30T21:38:54+0800 CANDIDATE k20_r1.4 clusters= 10 silhouette= 0.207029 RSS_GiB= 1.012 
2026-09-30T21:38:54+0800 CANDIDATE k20_r1.3 clusters= 10 silhouette= 0.207015 RSS_GiB= 1.012 
2026-09-30T21:38:55+0800 GRAPH k= 30 
2026-09-30T21:38:57+0800 CANDIDATE k30_r0.4 clusters= 5 silhouette= 0.341792 RSS_GiB= 0.899 
2026-09-30T21:38:57+0800 CANDIDATE k30_r0.3 clusters= 4 silhouette= 0.307687 RSS_GiB= 0.893 
2026-09-30T21:38:57+0800 CANDIDATE k30_r0.1 clusters= 4 silhouette= 0.308275 RSS_GiB= 0.893 
2026-09-30T21:38:58+0800 CANDIDATE k30_r0.2 clusters= 4 silhouette= 0.307914 RSS_GiB= 0.892 
2026-09-30T21:38:58+0800 CANDIDATE k30_r0.8 clusters= 6 silhouette= 0.257656 RSS_GiB= 0.965 
2026-09-30T21:38:58+0800 CANDIDATE k30_r0.7 clusters= 6 silhouette= 0.257416 RSS_GiB= 0.905 
2026-09-30T21:38:59+0800 CANDIDATE k30_r0.5 clusters= 5 silhouette= 0.34176 RSS_GiB= 0.905 
2026-09-30T21:38:59+0800 CANDIDATE k30_r0.6 clusters= 5 silhouette= 0.34176 RSS_GiB= 0.905 
2026-09-30T21:38:59+0800 CANDIDATE k30_r1.2 clusters= 8 silhouette= 0.292535 RSS_GiB= 1.03 
2026-09-30T21:39:00+0800 CANDIDATE k30_r0.9 clusters= 6 silhouette= 0.257582 RSS_GiB= 0.966 
2026-09-30T21:39:00+0800 CANDIDATE k30_r1.1 clusters= 8 silhouette= 0.29266 RSS_GiB= 0.966 
2026-09-30T21:39:00+0800 CANDIDATE k30_r1.0 clusters= 7 silhouette= 0.275023 RSS_GiB= 0.963 
2026-09-30T21:39:00+0800 CANDIDATE k30_r1.3 clusters= 8 silhouette= 0.292423 RSS_GiB= 1.03 
2026-09-30T21:39:01+0800 CANDIDATE k30_r1.4 clusters= 9 silhouette= 0.255851 RSS_GiB= 1.03 
2026-09-30T21:39:01+0800 CANDIDATE k30_r1.5 clusters= 9 silhouette= 0.183048 RSS_GiB= 1.03 
2026-09-30T21:39:02+0800 COMPLETE GSE171351 k30_r0.4 niches= 5 seconds= 17.4 
