2026-10-10T19:51:41.728178 HASH_VERIFIED DEV_FROZEN_CONFIG.yaml
2026-10-10T19:51:41.728478 HASH_VERIFIED CONFIG.yaml
2026-10-10T19:51:41.728531 HASH_VERIFIED INPUTS_READY.json
2026-10-10T19:51:41.728681 HASH_VERIFIED genes.tsv
2026-10-10T19:51:41.728724 HASH_VERIFIED labels.json
2026-10-10T19:51:41.737779 HASH_VERIFIED actual_cell_split_manifest.tsv.gz
2026-10-10T19:51:41.743750 HASH_VERIFIED reference_scope_manifest.tsv.gz
2026-10-10T19:51:41.744008 HASH_VERIFIED scope_exclusions.tsv.gz
2026-10-10T19:51:41.744068 HASH_VERIFIED frozen_source_split_manifest.tsv
2026-10-10T19:51:41.755875 HASH_VERIFIED model.pt
2026-10-10T19:51:41.758291 HASH_VERIFIED signatures.tsv.gz
2026-10-10T19:51:41.758352 HASH_VERIFIED REFERENCE_DONE.json
2026-10-10T19:51:41.866500 HASH_VERIFIED counts.h5ad
2026-10-10T19:51:41.867036 HASH_VERIFIED manifest.tsv.gz
2026-10-10T19:51:41.870200 HASH_VERIFIED cell_membership_RNA.tsv.gz
2026-10-10T19:51:41.870291 HASH_VERIFIED truth_counts.tsv.gz
2026-10-10T19:51:41.870344 HASH_VERIFIED SIMULATION_FROZEN.json
2026-10-10T19:51:41.870391 HASH_VERIFIED DEV_FROZEN.json
2026-10-10T19:51:42.951370 HASH_VERIFIED TRAIN_counts.h5ad
2026-10-10T19:51:43.672524 HASH_VERIFIED DEV_counts.h5ad
2026-10-10T19:51:43.680375 HASH_VERIFIED reference_counts_per_cell.tsv.gz
2026-10-10T19:51:49.158098 PREPARE_DONE 20
