/home/data/t070721/codex_workspace/Bladder Metabolism/mp10_k32_reference_diagnostic_v6/code/06_evaluate.py:21: RuntimeWarning: Mean of empty slice
  for stat,fn in [('mean',np.nanmean),('median',np.nanmedian),('q05',lambda x,axis:np.nanquantile(x,.05,axis=axis)),('q95',lambda x,axis:np.nanquantile(x,.95,axis=axis))]:dd[name+'_'+stat]=fn(a,axis=0)
/home/data/t070721/codex_workspace/Bladder Metabolism/cell2location_setup_v1/cell2location_env/lib/python3.12/site-packages/numpy/lib/_nanfunctions_impl.py:1215: RuntimeWarning: All-NaN slice encountered
  return fnb._ureduce(a, func=_nanmedian, keepdims=keepdims,
/home/data/t070721/codex_workspace/Bladder Metabolism/cell2location_setup_v1/cell2location_env/lib/python3.12/site-packages/numpy/lib/_nanfunctions_impl.py:1593: RuntimeWarning: All-NaN slice encountered
  return fnb._ureduce(a,
/home/data/t070721/codex_workspace/Bladder Metabolism/mp10_k32_reference_diagnostic_v6/code/06_evaluate.py:21: RuntimeWarning: Mean of empty slice
  for stat,fn in [('mean',np.nanmean),('median',np.nanmedian),('q05',lambda x,axis:np.nanquantile(x,.05,axis=axis)),('q95',lambda x,axis:np.nanquantile(x,.95,axis=axis))]:dd[name+'_'+stat]=fn(a,axis=0)
/home/data/t070721/codex_workspace/Bladder Metabolism/cell2location_setup_v1/cell2location_env/lib/python3.12/site-packages/numpy/lib/_nanfunctions_impl.py:1215: RuntimeWarning: All-NaN slice encountered
  return fnb._ureduce(a, func=_nanmedian, keepdims=keepdims,
/home/data/t070721/codex_workspace/Bladder Metabolism/cell2location_setup_v1/cell2location_env/lib/python3.12/site-packages/numpy/lib/_nanfunctions_impl.py:1593: RuntimeWarning: All-NaN slice encountered
  return fnb._ureduce(a,
/home/data/t070721/codex_workspace/Bladder Metabolism/mp10_k32_reference_diagnostic_v6/code/06_evaluate.py:21: RuntimeWarning: Mean of empty slice
  for stat,fn in [('mean',np.nanmean),('median',np.nanmedian),('q05',lambda x,axis:np.nanquantile(x,.05,axis=axis)),('q95',lambda x,axis:np.nanquantile(x,.95,axis=axis))]:dd[name+'_'+stat]=fn(a,axis=0)
/home/data/t070721/codex_workspace/Bladder Metabolism/cell2location_setup_v1/cell2location_env/lib/python3.12/site-packages/numpy/lib/_nanfunctions_impl.py:1215: RuntimeWarning: All-NaN slice encountered
  return fnb._ureduce(a, func=_nanmedian, keepdims=keepdims,
/home/data/t070721/codex_workspace/Bladder Metabolism/cell2location_setup_v1/cell2location_env/lib/python3.12/site-packages/numpy/lib/_nanfunctions_impl.py:1593: RuntimeWarning: All-NaN slice encountered
  return fnb._ureduce(a,
2026-10-10T21:49:23.321321 SUMMARIZED HIST_MAIN_DEV 9120
/home/data/t070721/codex_workspace/Bladder Metabolism/mp10_k32_reference_diagnostic_v6/code/06_evaluate.py:21: RuntimeWarning: Mean of empty slice
  for stat,fn in [('mean',np.nanmean),('median',np.nanmedian),('q05',lambda x,axis:np.nanquantile(x,.05,axis=axis)),('q95',lambda x,axis:np.nanquantile(x,.95,axis=axis))]:dd[name+'_'+stat]=fn(a,axis=0)
/home/data/t070721/codex_workspace/Bladder Metabolism/cell2location_setup_v1/cell2location_env/lib/python3.12/site-packages/numpy/lib/_nanfunctions_impl.py:1215: RuntimeWarning: All-NaN slice encountered
  return fnb._ureduce(a, func=_nanmedian, keepdims=keepdims,
/home/data/t070721/codex_workspace/Bladder Metabolism/cell2location_setup_v1/cell2location_env/lib/python3.12/site-packages/numpy/lib/_nanfunctions_impl.py:1593: RuntimeWarning: All-NaN slice encountered
  return fnb._ureduce(a,
/home/data/t070721/codex_workspace/Bladder Metabolism/mp10_k32_reference_diagnostic_v6/code/06_evaluate.py:21: RuntimeWarning: Mean of empty slice
  for stat,fn in [('mean',np.nanmean),('median',np.nanmedian),('q05',lambda x,axis:np.nanquantile(x,.05,axis=axis)),('q95',lambda x,axis:np.nanquantile(x,.95,axis=axis))]:dd[name+'_'+stat]=fn(a,axis=0)
/home/data/t070721/codex_workspace/Bladder Metabolism/cell2location_setup_v1/cell2location_env/lib/python3.12/site-packages/numpy/lib/_nanfunctions_impl.py:1215: RuntimeWarning: All-NaN slice encountered
  return fnb._ureduce(a, func=_nanmedian, keepdims=keepdims,
/home/data/t070721/codex_workspace/Bladder Metabolism/cell2location_setup_v1/cell2location_env/lib/python3.12/site-packages/numpy/lib/_nanfunctions_impl.py:1593: RuntimeWarning: All-NaN slice encountered
  return fnb._ureduce(a,
/home/data/t070721/codex_workspace/Bladder Metabolism/mp10_k32_reference_diagnostic_v6/code/06_evaluate.py:21: RuntimeWarning: Mean of empty slice
  for stat,fn in [('mean',np.nanmean),('median',np.nanmedian),('q05',lambda x,axis:np.nanquantile(x,.05,axis=axis)),('q95',lambda x,axis:np.nanquantile(x,.95,axis=axis))]:dd[name+'_'+stat]=fn(a,axis=0)
/home/data/t070721/codex_workspace/Bladder Metabolism/cell2location_setup_v1/cell2location_env/lib/python3.12/site-packages/numpy/lib/_nanfunctions_impl.py:1215: RuntimeWarning: All-NaN slice encountered
  return fnb._ureduce(a, func=_nanmedian, keepdims=keepdims,
/home/data/t070721/codex_workspace/Bladder Metabolism/cell2location_setup_v1/cell2location_env/lib/python3.12/site-packages/numpy/lib/_nanfunctions_impl.py:1593: RuntimeWarning: All-NaN slice encountered
  return fnb._ureduce(a,
2026-10-10T21:49:37.882314 SUMMARIZED HIST_MAIN_TEST 8400
/home/data/t070721/codex_workspace/Bladder Metabolism/mp10_k32_reference_diagnostic_v6/code/06_evaluate.py:21: RuntimeWarning: Mean of empty slice
  for stat,fn in [('mean',np.nanmean),('median',np.nanmedian),('q05',lambda x,axis:np.nanquantile(x,.05,axis=axis)),('q95',lambda x,axis:np.nanquantile(x,.95,axis=axis))]:dd[name+'_'+stat]=fn(a,axis=0)
/home/data/t070721/codex_workspace/Bladder Metabolism/cell2location_setup_v1/cell2location_env/lib/python3.12/site-packages/numpy/lib/_nanfunctions_impl.py:1215: RuntimeWarning: All-NaN slice encountered
  return fnb._ureduce(a, func=_nanmedian, keepdims=keepdims,
/home/data/t070721/codex_workspace/Bladder Metabolism/cell2location_setup_v1/cell2location_env/lib/python3.12/site-packages/numpy/lib/_nanfunctions_impl.py:1593: RuntimeWarning: All-NaN slice encountered
  return fnb._ureduce(a,
/home/data/t070721/codex_workspace/Bladder Metabolism/mp10_k32_reference_diagnostic_v6/code/06_evaluate.py:21: RuntimeWarning: Mean of empty slice
  for stat,fn in [('mean',np.nanmean),('median',np.nanmedian),('q05',lambda x,axis:np.nanquantile(x,.05,axis=axis)),('q95',lambda x,axis:np.nanquantile(x,.95,axis=axis))]:dd[name+'_'+stat]=fn(a,axis=0)
/home/data/t070721/codex_workspace/Bladder Metabolism/cell2location_setup_v1/cell2location_env/lib/python3.12/site-packages/numpy/lib/_nanfunctions_impl.py:1215: RuntimeWarning: All-NaN slice encountered
  return fnb._ureduce(a, func=_nanmedian, keepdims=keepdims,
/home/data/t070721/codex_workspace/Bladder Metabolism/cell2location_setup_v1/cell2location_env/lib/python3.12/site-packages/numpy/lib/_nanfunctions_impl.py:1593: RuntimeWarning: All-NaN slice encountered
  return fnb._ureduce(a,
/home/data/t070721/codex_workspace/Bladder Metabolism/mp10_k32_reference_diagnostic_v6/code/06_evaluate.py:21: RuntimeWarning: Mean of empty slice
  for stat,fn in [('mean',np.nanmean),('median',np.nanmedian),('q05',lambda x,axis:np.nanquantile(x,.05,axis=axis)),('q95',lambda x,axis:np.nanquantile(x,.95,axis=axis))]:dd[name+'_'+stat]=fn(a,axis=0)
/home/data/t070721/codex_workspace/Bladder Metabolism/cell2location_setup_v1/cell2location_env/lib/python3.12/site-packages/numpy/lib/_nanfunctions_impl.py:1215: RuntimeWarning: All-NaN slice encountered
  return fnb._ureduce(a, func=_nanmedian, keepdims=keepdims,
/home/data/t070721/codex_workspace/Bladder Metabolism/cell2location_setup_v1/cell2location_env/lib/python3.12/site-packages/numpy/lib/_nanfunctions_impl.py:1593: RuntimeWarning: All-NaN slice encountered
  return fnb._ureduce(a,
2026-10-10T21:49:53.222495 SUMMARIZED HIST_NO_P07T_DEV 9120
/home/data/t070721/codex_workspace/Bladder Metabolism/mp10_k32_reference_diagnostic_v6/code/06_evaluate.py:21: RuntimeWarning: Mean of empty slice
  for stat,fn in [('mean',np.nanmean),('median',np.nanmedian),('q05',lambda x,axis:np.nanquantile(x,.05,axis=axis)),('q95',lambda x,axis:np.nanquantile(x,.95,axis=axis))]:dd[name+'_'+stat]=fn(a,axis=0)
/home/data/t070721/codex_workspace/Bladder Metabolism/cell2location_setup_v1/cell2location_env/lib/python3.12/site-packages/numpy/lib/_nanfunctions_impl.py:1215: RuntimeWarning: All-NaN slice encountered
  return fnb._ureduce(a, func=_nanmedian, keepdims=keepdims,
/home/data/t070721/codex_workspace/Bladder Metabolism/cell2location_setup_v1/cell2location_env/lib/python3.12/site-packages/numpy/lib/_nanfunctions_impl.py:1593: RuntimeWarning: All-NaN slice encountered
  return fnb._ureduce(a,
/home/data/t070721/codex_workspace/Bladder Metabolism/mp10_k32_reference_diagnostic_v6/code/06_evaluate.py:21: RuntimeWarning: Mean of empty slice
  for stat,fn in [('mean',np.nanmean),('median',np.nanmedian),('q05',lambda x,axis:np.nanquantile(x,.05,axis=axis)),('q95',lambda x,axis:np.nanquantile(x,.95,axis=axis))]:dd[name+'_'+stat]=fn(a,axis=0)
/home/data/t070721/codex_workspace/Bladder Metabolism/cell2location_setup_v1/cell2location_env/lib/python3.12/site-packages/numpy/lib/_nanfunctions_impl.py:1215: RuntimeWarning: All-NaN slice encountered
  return fnb._ureduce(a, func=_nanmedian, keepdims=keepdims,
/home/data/t070721/codex_workspace/Bladder Metabolism/cell2location_setup_v1/cell2location_env/lib/python3.12/site-packages/numpy/lib/_nanfunctions_impl.py:1593: RuntimeWarning: All-NaN slice encountered
  return fnb._ureduce(a,
/home/data/t070721/codex_workspace/Bladder Metabolism/mp10_k32_reference_diagnostic_v6/code/06_evaluate.py:21: RuntimeWarning: Mean of empty slice
  for stat,fn in [('mean',np.nanmean),('median',np.nanmedian),('q05',lambda x,axis:np.nanquantile(x,.05,axis=axis)),('q95',lambda x,axis:np.nanquantile(x,.95,axis=axis))]:dd[name+'_'+stat]=fn(a,axis=0)
/home/data/t070721/codex_workspace/Bladder Metabolism/cell2location_setup_v1/cell2location_env/lib/python3.12/site-packages/numpy/lib/_nanfunctions_impl.py:1215: RuntimeWarning: All-NaN slice encountered
  return fnb._ureduce(a, func=_nanmedian, keepdims=keepdims,
/home/data/t070721/codex_workspace/Bladder Metabolism/cell2location_setup_v1/cell2location_env/lib/python3.12/site-packages/numpy/lib/_nanfunctions_impl.py:1593: RuntimeWarning: All-NaN slice encountered
  return fnb._ureduce(a,
/home/data/t070721/codex_workspace/Bladder Metabolism/mp10_k32_reference_diagnostic_v6/code/06_evaluate.py:21: RuntimeWarning: Mean of empty slice
  for stat,fn in [('mean',np.nanmean),('median',np.nanmedian),('q05',lambda x,axis:np.nanquantile(x,.05,axis=axis)),('q95',lambda x,axis:np.nanquantile(x,.95,axis=axis))]:dd[name+'_'+stat]=fn(a,axis=0)
/home/data/t070721/codex_workspace/Bladder Metabolism/cell2location_setup_v1/cell2location_env/lib/python3.12/site-packages/numpy/lib/_nanfunctions_impl.py:1215: RuntimeWarning: All-NaN slice encountered
  return fnb._ureduce(a, func=_nanmedian, keepdims=keepdims,
/home/data/t070721/codex_workspace/Bladder Metabolism/cell2location_setup_v1/cell2location_env/lib/python3.12/site-packages/numpy/lib/_nanfunctions_impl.py:1593: RuntimeWarning: All-NaN slice encountered
  return fnb._ureduce(a,
2026-10-10T21:50:07.784741 SUMMARIZED HIST_NO_P07T_TEST 8400
2026-10-10T21:50:15.219802 SUMMARIZED S30_FULL_DEV 9120
2026-10-10T21:50:16.830848 SUMMARIZED S31_TARGET_UMI 648
2026-10-10T21:50:18.211194 SUMMARIZED S31_FIXED_CAPTURE 648
2026-10-10T21:50:19.022748 SUMMARIZED S30_TARGET_UMI 648
2026-10-10T21:50:19.825433 SUMMARIZED S30_FIXED_CAPTURE 648
2026-10-10T21:51:15.880086 EVALUATION_DONE
