2026-10-10T21:20:06.430987 MAP_START S30 FIXED_CAPTURE 3000 (648, 11230)
2026-10-10T21:22:36.167491 EPOCH S30 FIXED_CAPTURE 500
2026-10-10T21:25:04.094821 EPOCH S30 FIXED_CAPTURE 1000
2026-10-10T21:27:32.454871 EPOCH S30 FIXED_CAPTURE 1500
2026-10-10T21:29:21.850333 EPOCH S30 FIXED_CAPTURE 2000
2026-10-10T21:31:23.240507 EPOCH S30 FIXED_CAPTURE 2500
2026-10-10T21:33:46.966347 EPOCH S30 FIXED_CAPTURE 3000
2026-10-10T21:34:01.522603 CONVERGENCE S30 FIXED_CAPTURE 3000 False
2026-10-10T21:34:01.523024 MAP_START S30 FIXED_CAPTURE 2000 (648, 11230)
2026-10-10T21:36:01.790324 EPOCH S30 FIXED_CAPTURE 3500
2026-10-10T21:38:03.946640 EPOCH S30 FIXED_CAPTURE 4000
2026-10-10T21:40:05.934489 EPOCH S30 FIXED_CAPTURE 4500
2026-10-10T21:41:12.457379 EPOCH S30 FIXED_CAPTURE 5000
2026-10-10T21:41:19.324085 CONVERGENCE S30 FIXED_CAPTURE 5000 False
2026-10-10T21:41:19.324562 MAP_START S30 FIXED_CAPTURE 2000 (648, 11230)
2026-10-10T21:42:27.750486 EPOCH S30 FIXED_CAPTURE 5500
2026-10-10T21:43:35.134917 EPOCH S30 FIXED_CAPTURE 6000
2026-10-10T21:44:42.258984 EPOCH S30 FIXED_CAPTURE 6500
2026-10-10T21:45:48.694095 EPOCH S30 FIXED_CAPTURE 7000
2026-10-10T21:45:55.616286 CONVERGENCE S30 FIXED_CAPTURE 7000 False
2026-10-10T21:45:55.616740 MAP_START S30 FIXED_CAPTURE 2000 (648, 11230)
2026-10-10T21:46:45.843906 EPOCH S30 FIXED_CAPTURE 7500
2026-10-10T21:47:26.083597 EPOCH S30 FIXED_CAPTURE 8000
2026-10-10T21:48:04.064966 EPOCH S30 FIXED_CAPTURE 8500
2026-10-10T21:48:41.904663 EPOCH S30 FIXED_CAPTURE 9000
2026-10-10T21:48:45.505291 CONVERGENCE S30 FIXED_CAPTURE 9000 True
2026-10-10T21:49:04.527187 MAPPING_DONE S30 FIXED_CAPTURE 9000 True
