2026-10-10T20:26:50.978142 MAP_START S31 FIXED_CAPTURE 3000 (648, 11230)
2026-10-10T20:28:20.643469 EPOCH S31 FIXED_CAPTURE 500
2026-10-10T20:29:49.931723 EPOCH S31 FIXED_CAPTURE 1000
2026-10-10T20:31:20.646329 EPOCH S31 FIXED_CAPTURE 1500
2026-10-10T20:32:51.645024 EPOCH S31 FIXED_CAPTURE 2000
2026-10-10T20:34:23.102343 EPOCH S31 FIXED_CAPTURE 2500
2026-10-10T20:35:52.871144 EPOCH S31 FIXED_CAPTURE 3000
2026-10-10T20:36:02.885010 CONVERGENCE S31 FIXED_CAPTURE 3000 False
2026-10-10T20:36:02.885752 MAP_START S31 FIXED_CAPTURE 2000 (648, 11230)
2026-10-10T20:37:33.389481 EPOCH S31 FIXED_CAPTURE 3500
2026-10-10T20:39:03.783496 EPOCH S31 FIXED_CAPTURE 4000
2026-10-10T20:40:33.785454 EPOCH S31 FIXED_CAPTURE 4500
2026-10-10T20:42:04.146843 EPOCH S31 FIXED_CAPTURE 5000
2026-10-10T20:42:14.145322 CONVERGENCE S31 FIXED_CAPTURE 5000 False
2026-10-10T20:42:14.146283 MAP_START S31 FIXED_CAPTURE 2000 (648, 11230)
2026-10-10T20:43:45.209096 EPOCH S31 FIXED_CAPTURE 5500
2026-10-10T20:45:08.047636 EPOCH S31 FIXED_CAPTURE 6000
2026-10-10T20:47:34.599009 EPOCH S31 FIXED_CAPTURE 6500
2026-10-10T20:50:00.616661 EPOCH S31 FIXED_CAPTURE 7000
2026-10-10T20:50:19.174913 CONVERGENCE S31 FIXED_CAPTURE 7000 False
2026-10-10T20:50:19.175354 MAP_START S31 FIXED_CAPTURE 2000 (648, 11230)
2026-10-10T20:52:46.452459 EPOCH S31 FIXED_CAPTURE 7500
2026-10-10T20:55:12.648336 EPOCH S31 FIXED_CAPTURE 8000
2026-10-10T20:57:39.278630 EPOCH S31 FIXED_CAPTURE 8500
2026-10-10T21:00:03.451476 EPOCH S31 FIXED_CAPTURE 9000
2026-10-10T21:00:19.847525 CONVERGENCE S31 FIXED_CAPTURE 9000 False
2026-10-10T21:00:19.848103 MAP_START S31 FIXED_CAPTURE 2000 (648, 11230)
2026-10-10T21:02:23.105588 EPOCH S31 FIXED_CAPTURE 9500
2026-10-10T21:04:01.494840 EPOCH S31 FIXED_CAPTURE 10000
2026-10-10T21:06:28.413753 EPOCH S31 FIXED_CAPTURE 10500
2026-10-10T21:08:54.622520 EPOCH S31 FIXED_CAPTURE 11000
2026-10-10T21:09:13.206099 CONVERGENCE S31 FIXED_CAPTURE 11000 False
2026-10-10T21:09:13.206918 MAP_START S31 FIXED_CAPTURE 2000 (648, 11230)
2026-10-10T21:11:40.358336 EPOCH S31 FIXED_CAPTURE 11500
2026-10-10T21:14:06.412193 EPOCH S31 FIXED_CAPTURE 12000
2026-10-10T21:16:01.424171 EPOCH S31 FIXED_CAPTURE 12500
2026-10-10T21:17:52.450250 EPOCH S31 FIXED_CAPTURE 13000
2026-10-10T21:18:11.115451 CONVERGENCE S31 FIXED_CAPTURE 13000 True
2026-10-10T21:19:40.664952 MAPPING_DONE S31 FIXED_CAPTURE 13000 True
