2026-10-10T21:00:40.661284 MAP_START S30 TARGET_UMI 3000 (648, 11230)
2026-10-10T21:02:36.924668 EPOCH S30 TARGET_UMI 500
2026-10-10T21:04:19.320000 EPOCH S30 TARGET_UMI 1000
2026-10-10T21:06:45.979995 EPOCH S30 TARGET_UMI 1500
2026-10-10T21:09:12.431507 EPOCH S30 TARGET_UMI 2000
2026-10-10T21:11:39.782131 EPOCH S30 TARGET_UMI 2500
2026-10-10T21:14:05.929665 EPOCH S30 TARGET_UMI 3000
2026-10-10T21:14:24.560009 CONVERGENCE S30 TARGET_UMI 3000 False
2026-10-10T21:14:24.560430 MAP_START S30 TARGET_UMI 2000 (648, 11230)
2026-10-10T21:16:13.354704 EPOCH S30 TARGET_UMI 3500
2026-10-10T21:18:10.921256 EPOCH S30 TARGET_UMI 4000
2026-10-10T21:20:30.564172 EPOCH S30 TARGET_UMI 4500
2026-10-10T21:22:58.470556 EPOCH S30 TARGET_UMI 5000
2026-10-10T21:23:17.064394 CONVERGENCE S30 TARGET_UMI 5000 False
2026-10-10T21:23:17.065427 MAP_START S30 TARGET_UMI 2000 (648, 11230)
2026-10-10T21:25:45.571568 EPOCH S30 TARGET_UMI 5500
2026-10-10T21:28:12.896943 EPOCH S30 TARGET_UMI 6000
2026-10-10T21:29:46.977027 EPOCH S30 TARGET_UMI 6500
2026-10-10T21:32:02.439855 EPOCH S30 TARGET_UMI 7000
2026-10-10T21:32:21.024864 CONVERGENCE S30 TARGET_UMI 7000 True
2026-10-10T21:33:49.457309 MAPPING_DONE S30 TARGET_UMI 7000 True
