2026-10-10T20:19:00.470387 MAP_START S31 TARGET_UMI 3000 (648, 11230)
2026-10-10T20:19:56.219723 EPOCH S31 TARGET_UMI 500
2026-10-10T20:20:50.488461 EPOCH S31 TARGET_UMI 1000
2026-10-10T20:21:44.826949 EPOCH S31 TARGET_UMI 1500
2026-10-10T20:22:39.976816 EPOCH S31 TARGET_UMI 2000
2026-10-10T20:23:34.720695 EPOCH S31 TARGET_UMI 2500
2026-10-10T20:24:29.122555 EPOCH S31 TARGET_UMI 3000
2026-10-10T20:24:34.167195 CONVERGENCE S31 TARGET_UMI 3000 False
2026-10-10T20:24:34.167714 MAP_START S31 TARGET_UMI 2000 (648, 11230)
2026-10-10T20:25:28.885029 EPOCH S31 TARGET_UMI 3500
2026-10-10T20:26:23.511705 EPOCH S31 TARGET_UMI 4000
2026-10-10T20:27:28.850212 EPOCH S31 TARGET_UMI 4500
2026-10-10T20:28:58.746702 EPOCH S31 TARGET_UMI 5000
2026-10-10T20:29:08.752530 CONVERGENCE S31 TARGET_UMI 5000 False
2026-10-10T20:29:08.753539 MAP_START S31 TARGET_UMI 2000 (648, 11230)
2026-10-10T20:30:38.272603 EPOCH S31 TARGET_UMI 5500
2026-10-10T20:32:06.495872 EPOCH S31 TARGET_UMI 6000
2026-10-10T20:33:35.209962 EPOCH S31 TARGET_UMI 6500
2026-10-10T20:35:03.237419 EPOCH S31 TARGET_UMI 7000
2026-10-10T20:35:13.054970 CONVERGENCE S31 TARGET_UMI 7000 False
2026-10-10T20:35:13.055574 MAP_START S31 TARGET_UMI 2000 (648, 11230)
2026-10-10T20:36:41.476515 EPOCH S31 TARGET_UMI 7500
2026-10-10T20:38:09.501998 EPOCH S31 TARGET_UMI 8000
2026-10-10T20:39:38.661695 EPOCH S31 TARGET_UMI 8500
2026-10-10T20:41:07.256912 EPOCH S31 TARGET_UMI 9000
2026-10-10T20:41:17.188690 CONVERGENCE S31 TARGET_UMI 9000 False
2026-10-10T20:41:17.189119 MAP_START S31 TARGET_UMI 2000 (648, 11230)
2026-10-10T20:42:46.335120 EPOCH S31 TARGET_UMI 9500
2026-10-10T20:44:15.935756 EPOCH S31 TARGET_UMI 10000
2026-10-10T20:45:54.463596 EPOCH S31 TARGET_UMI 10500
2026-10-10T20:48:20.532996 EPOCH S31 TARGET_UMI 11000
2026-10-10T20:48:39.136057 CONVERGENCE S31 TARGET_UMI 11000 False
2026-10-10T20:48:39.136692 MAP_START S31 TARGET_UMI 2000 (648, 11230)
2026-10-10T20:51:06.618077 EPOCH S31 TARGET_UMI 11500
2026-10-10T20:53:33.150370 EPOCH S31 TARGET_UMI 12000
2026-10-10T20:56:00.799555 EPOCH S31 TARGET_UMI 12500
2026-10-10T20:58:27.201157 EPOCH S31 TARGET_UMI 13000
2026-10-10T20:58:45.852184 CONVERGENCE S31 TARGET_UMI 13000 True
2026-10-10T21:00:14.811942 MAPPING_DONE S31 TARGET_UMI 13000 True
